[0.193s] DEBUG:colcon:Command line arguments: ['/usr/bin/colcon', 'build', '--symlink-install']
[0.193s] DEBUG:colcon:Parsed command line arguments: Namespace(log_base=None, log_level=None, verb_name='build', build_base='build', install_base='install', merge_install=False, symlink_install=True, test_result_base=None, continue_on_error=False, executor='parallel', parallel_workers=8, event_handlers=None, ignore_user_meta=False, metas=['./colcon.meta'], base_paths=['.'], packages_ignore=None, packages_ignore_regex=None, paths=None, packages_up_to=None, packages_up_to_regex=None, packages_above=None, packages_above_and_dependencies=None, packages_above_depth=None, packages_select_by_dep=None, packages_skip_by_dep=None, packages_skip_up_to=None, packages_select_build_failed=False, packages_skip_build_finished=False, packages_select_test_failures=False, packages_skip_test_passed=False, packages_select=None, packages_skip=None, packages_select_regex=None, packages_skip_regex=None, packages_start=None, packages_end=None, allow_overriding=[], cmake_args=None, cmake_target=None, cmake_target_skip_unavailable=False, cmake_clean_cache=False, cmake_clean_first=False, cmake_force_configure=False, ament_cmake_args=None, catkin_cmake_args=None, catkin_skip_building_tests=False, verb_parser=<colcon_defaults.argument_parser.defaults.DefaultArgumentsDecorator object at 0x7775a330b9e0>, verb_extension=<colcon_core.verb.build.BuildVerb object at 0x7775a349f4d0>, main=<bound method BuildVerb.main of <colcon_core.verb.build.BuildVerb object at 0x7775a349f4d0>>)
[0.257s] Level 1:colcon.colcon_core.package_discovery:discover_packages(colcon_meta) check parameters
[0.257s] Level 1:colcon.colcon_core.package_discovery:discover_packages(recursive) check parameters
[0.257s] Level 1:colcon.colcon_core.package_discovery:discover_packages(ignore) check parameters
[0.257s] Level 1:colcon.colcon_core.package_discovery:discover_packages(path) check parameters
[0.257s] Level 1:colcon.colcon_core.package_discovery:discover_packages(colcon_meta) discover
[0.257s] Level 1:colcon.colcon_core.package_discovery:discover_packages(recursive) discover
[0.258s] INFO:colcon.colcon_core.package_discovery:Crawling recursively for packages in '/home/rokey/toilet_ws/toilet_project'
[0.258s] Level 1:colcon.colcon_core.package_identification:_identify(.) by extensions ['ignore', 'ignore_ament_install']
[0.258s] Level 1:colcon.colcon_core.package_identification:_identify(.) by extension 'ignore'
[0.258s] Level 1:colcon.colcon_core.package_identification:_identify(.) by extension 'ignore_ament_install'
[0.258s] Level 1:colcon.colcon_core.package_identification:_identify(.) by extensions ['colcon_pkg']
[0.258s] Level 1:colcon.colcon_core.package_identification:_identify(.) by extension 'colcon_pkg'
[0.258s] Level 1:colcon.colcon_core.package_identification:_identify(.) by extensions ['colcon_meta']
[0.258s] Level 1:colcon.colcon_core.package_identification:_identify(.) by extension 'colcon_meta'
[0.259s] Level 1:colcon.colcon_core.package_identification:_identify(.) by extensions ['ros']
[0.259s] Level 1:colcon.colcon_core.package_identification:_identify(.) by extension 'ros'
[0.308s] Level 1:colcon.colcon_core.package_identification:_identify(.) by extensions ['cmake', 'python']
[0.308s] Level 1:colcon.colcon_core.package_identification:_identify(.) by extension 'cmake'
[0.309s] Level 1:colcon.colcon_core.package_identification:_identify(.) by extension 'python'
[0.309s] Level 1:colcon.colcon_core.package_identification:_identify(.) by extensions ['python_setup_py']
[0.309s] Level 1:colcon.colcon_core.package_identification:_identify(.) by extension 'python_setup_py'
[0.309s] Level 1:colcon.colcon_core.package_identification:_identify(build) by extensions ['ignore', 'ignore_ament_install']
[0.309s] Level 1:colcon.colcon_core.package_identification:_identify(build) by extension 'ignore'
[0.309s] Level 1:colcon.colcon_core.package_identification:_identify(build) ignored
[0.309s] Level 1:colcon.colcon_core.package_identification:_identify(install) by extensions ['ignore', 'ignore_ament_install']
[0.310s] Level 1:colcon.colcon_core.package_identification:_identify(install) by extension 'ignore'
[0.310s] Level 1:colcon.colcon_core.package_identification:_identify(install) ignored
[0.310s] Level 1:colcon.colcon_core.package_identification:_identify(log) by extensions ['ignore', 'ignore_ament_install']
[0.310s] Level 1:colcon.colcon_core.package_identification:_identify(log) by extension 'ignore'
[0.310s] Level 1:colcon.colcon_core.package_identification:_identify(log) ignored
[0.310s] Level 1:colcon.colcon_core.package_identification:_identify(src) by extensions ['ignore', 'ignore_ament_install']
[0.310s] Level 1:colcon.colcon_core.package_identification:_identify(src) by extension 'ignore'
[0.311s] Level 1:colcon.colcon_core.package_identification:_identify(src) by extension 'ignore_ament_install'
[0.311s] Level 1:colcon.colcon_core.package_identification:_identify(src) by extensions ['colcon_pkg']
[0.311s] Level 1:colcon.colcon_core.package_identification:_identify(src) by extension 'colcon_pkg'
[0.311s] Level 1:colcon.colcon_core.package_identification:_identify(src) by extensions ['colcon_meta']
[0.311s] Level 1:colcon.colcon_core.package_identification:_identify(src) by extension 'colcon_meta'
[0.311s] Level 1:colcon.colcon_core.package_identification:_identify(src) by extensions ['ros']
[0.311s] Level 1:colcon.colcon_core.package_identification:_identify(src) by extension 'ros'
[0.311s] Level 1:colcon.colcon_core.package_identification:_identify(src) by extensions ['cmake', 'python']
[0.311s] Level 1:colcon.colcon_core.package_identification:_identify(src) by extension 'cmake'
[0.311s] Level 1:colcon.colcon_core.package_identification:_identify(src) by extension 'python'
[0.311s] Level 1:colcon.colcon_core.package_identification:_identify(src) by extensions ['python_setup_py']
[0.311s] Level 1:colcon.colcon_core.package_identification:_identify(src) by extension 'python_setup_py'
[0.312s] Level 1:colcon.colcon_core.package_identification:_identify(src/yjm_package01) by extensions ['ignore', 'ignore_ament_install']
[0.312s] Level 1:colcon.colcon_core.package_identification:_identify(src/yjm_package01) by extension 'ignore'
[0.312s] Level 1:colcon.colcon_core.package_identification:_identify(src/yjm_package01) by extension 'ignore_ament_install'
[0.312s] Level 1:colcon.colcon_core.package_identification:_identify(src/yjm_package01) by extensions ['colcon_pkg']
[0.312s] Level 1:colcon.colcon_core.package_identification:_identify(src/yjm_package01) by extension 'colcon_pkg'
[0.312s] Level 1:colcon.colcon_core.package_identification:_identify(src/yjm_package01) by extensions ['colcon_meta']
[0.312s] Level 1:colcon.colcon_core.package_identification:_identify(src/yjm_package01) by extension 'colcon_meta'
[0.312s] Level 1:colcon.colcon_core.package_identification:_identify(src/yjm_package01) by extensions ['ros']
[0.312s] Level 1:colcon.colcon_core.package_identification:_identify(src/yjm_package01) by extension 'ros'
[0.316s] DEBUG:colcon.colcon_core.package_identification:Package 'src/yjm_package01' with type 'ros.ament_python' and name 'yjm_package01'
[0.316s] Level 1:colcon.colcon_core.package_discovery:discover_packages(recursive) using defaults
[0.317s] Level 1:colcon.colcon_core.package_discovery:discover_packages(ignore) discover
[0.317s] Level 1:colcon.colcon_core.package_discovery:discover_packages(ignore) using defaults
[0.317s] Level 1:colcon.colcon_core.package_discovery:discover_packages(path) discover
[0.317s] Level 1:colcon.colcon_core.package_discovery:discover_packages(path) using defaults
[0.352s] Level 1:colcon.colcon_core.package_discovery:discover_packages(prefix_path) check parameters
[0.352s] Level 1:colcon.colcon_core.package_discovery:discover_packages(prefix_path) discover
[0.358s] DEBUG:colcon.colcon_installed_package_information.package_discovery:Found 1 installed packages in /home/rokey/toilet_ws/toilet_project/install
[0.360s] DEBUG:colcon.colcon_installed_package_information.package_discovery:Found 35 installed packages in /home/rokey/ws_cobot_pjt/ws_dsr/install
[0.361s] DEBUG:colcon.colcon_installed_package_information.package_discovery:Found 1 installed packages in /home/rokey/ws_cobot_pjt/cobot1/install
[0.363s] DEBUG:colcon.colcon_installed_package_information.package_discovery:Found 386 installed packages in /opt/ros/jazzy
[0.368s] Level 1:colcon.colcon_core.package_discovery:discover_packages(prefix_path) using defaults
[0.482s] Level 5:colcon.colcon_core.verb:set package 'yjm_package01' build argument 'cmake_args' from command line to 'None'
[0.482s] Level 5:colcon.colcon_core.verb:set package 'yjm_package01' build argument 'cmake_target' from command line to 'None'
[0.482s] Level 5:colcon.colcon_core.verb:set package 'yjm_package01' build argument 'cmake_target_skip_unavailable' from command line to 'False'
[0.482s] Level 5:colcon.colcon_core.verb:set package 'yjm_package01' build argument 'cmake_clean_cache' from command line to 'False'
[0.482s] Level 5:colcon.colcon_core.verb:set package 'yjm_package01' build argument 'cmake_clean_first' from command line to 'False'
[0.482s] Level 5:colcon.colcon_core.verb:set package 'yjm_package01' build argument 'cmake_force_configure' from command line to 'False'
[0.482s] Level 5:colcon.colcon_core.verb:set package 'yjm_package01' build argument 'ament_cmake_args' from command line to 'None'
[0.482s] Level 5:colcon.colcon_core.verb:set package 'yjm_package01' build argument 'catkin_cmake_args' from command line to 'None'
[0.482s] Level 5:colcon.colcon_core.verb:set package 'yjm_package01' build argument 'catkin_skip_building_tests' from command line to 'False'
[0.482s] DEBUG:colcon.colcon_core.verb:Building package 'yjm_package01' with the following arguments: {'ament_cmake_args': None, 'build_base': '/home/rokey/toilet_ws/toilet_project/build/yjm_package01', 'catkin_cmake_args': None, 'catkin_skip_building_tests': False, 'cmake_args': None, 'cmake_clean_cache': False, 'cmake_clean_first': False, 'cmake_force_configure': False, 'cmake_target': None, 'cmake_target_skip_unavailable': False, 'install_base': '/home/rokey/toilet_ws/toilet_project/install/yjm_package01', 'merge_install': False, 'path': '/home/rokey/toilet_ws/toilet_project/src/yjm_package01', 'symlink_install': True, 'test_result_base': None}
[0.483s] INFO:colcon.colcon_core.executor:Executing jobs using 'parallel' executor
[0.484s] DEBUG:colcon.colcon_parallel_executor.executor.parallel:run_until_complete
[0.484s] INFO:colcon.colcon_ros.task.ament_python.build:Building ROS package in '/home/rokey/toilet_ws/toilet_project/src/yjm_package01' with build type 'ament_python'
[0.485s] Level 1:colcon.colcon_core.shell:create_environment_hook('yjm_package01', 'ament_prefix_path')
[0.490s] INFO:colcon.colcon_core.plugin_system:Skipping extension 'colcon_core.shell.bat': Not used on non-Windows systems
[0.491s] INFO:colcon.colcon_core.shell:Creating environment hook '/home/rokey/toilet_ws/toilet_project/install/yjm_package01/share/yjm_package01/hook/ament_prefix_path.ps1'
[0.492s] INFO:colcon.colcon_core.shell:Creating environment descriptor '/home/rokey/toilet_ws/toilet_project/install/yjm_package01/share/yjm_package01/hook/ament_prefix_path.dsv'
[0.493s] INFO:colcon.colcon_core.shell:Creating environment hook '/home/rokey/toilet_ws/toilet_project/install/yjm_package01/share/yjm_package01/hook/ament_prefix_path.sh'
[0.494s] INFO:colcon.colcon_core.shell:Skip shell extension 'powershell' for command environment: Not usable outside of PowerShell
[0.494s] DEBUG:colcon.colcon_core.shell:Skip shell extension 'dsv' for command environment
[0.918s] INFO:colcon.colcon_core.task.python.build:Building Python package in '/home/rokey/toilet_ws/toilet_project/src/yjm_package01'
[0.919s] INFO:colcon.colcon_core.shell:Skip shell extension 'powershell' for command environment: Not usable outside of PowerShell
[0.919s] DEBUG:colcon.colcon_core.shell:Skip shell extension 'dsv' for command environment
[1.981s] DEBUG:colcon.colcon_core.task.python.build:Available setuptools commands: build_py, editable_wheel, clean, rotate, update_catalog, bdist_dumb, build_clib, init_catalog, dist_info, install_scripts, test, build, register, sdist, extract_messages, install_data, setopt, saveopts, build_scripts, easy_install, develop, egg_info, build_ext, install_lib, install, install_egg_info, bdist_egg, check, compile_catalog, install_headers, bdist, alias, symlink_data, upload_docs, upload, bdist_rpm
[2.570s] DEBUG:colcon.colcon_core.task.python.build:Available setuptools 'develop' options: --dry-run, --find-links, --force-installation-into-system-dir, --always-unzip, --prefix, --upgrade, --quiet, --index-url, --zip-ok, --always-copy, --local-snapshots-ok, --script-dir, --no-user-cfg, --no-find-links, --exclude-scripts, --install-dir, --record, --install-layout, --uninstall, --site-dirs, --no-deps, --egg-path, --multi-version, --help, --editable, --version, --user, --allow-hosts, --optimize, --verbose, --build-directory
[2.576s] DEBUG:colcon.colcon_core.event_handler.log_command:Invoking command in '/home/rokey/toilet_ws/toilet_project/build/yjm_package01': DEBUGINFOD_URLS=https://debuginfod.ubuntu.com PYTHONPATH=/home/rokey/toilet_ws/toilet_project/build/yjm_package01/prefix_override:/usr/lib/python3/dist-packages/colcon_core/task/python/colcon_distutils_commands:/home/rokey/toilet_ws/toilet_project/install/yjm_package01/lib/python3.12/site-packages:${PYTHONPATH} /usr/bin/python3 -W ignore:setup.py install is deprecated -W ignore:easy_install command is deprecated setup.py develop --editable --build-directory /home/rokey/toilet_ws/toilet_project/build/yjm_package01/build --no-deps symlink_data
[3.778s] Level 1:colcon.colcon_core.shell:create_environment_hook('yjm_package01', 'pythonpath_develop')
[3.778s] INFO:colcon.colcon_core.shell:Creating environment hook '/home/rokey/toilet_ws/toilet_project/build/yjm_package01/share/yjm_package01/hook/pythonpath_develop.ps1'
[3.779s] DEBUG:colcon.colcon_core.event_handler.log_command:Invoked command in '/home/rokey/toilet_ws/toilet_project/build/yjm_package01' returned '0': DEBUGINFOD_URLS=https://debuginfod.ubuntu.com PYTHONPATH=/home/rokey/toilet_ws/toilet_project/build/yjm_package01/prefix_override:/usr/lib/python3/dist-packages/colcon_core/task/python/colcon_distutils_commands:/home/rokey/toilet_ws/toilet_project/install/yjm_package01/lib/python3.12/site-packages:${PYTHONPATH} /usr/bin/python3 -W ignore:setup.py install is deprecated -W ignore:easy_install command is deprecated setup.py develop --editable --build-directory /home/rokey/toilet_ws/toilet_project/build/yjm_package01/build --no-deps symlink_data
[3.780s] INFO:colcon.colcon_core.shell:Creating environment descriptor '/home/rokey/toilet_ws/toilet_project/build/yjm_package01/share/yjm_package01/hook/pythonpath_develop.dsv'
[3.780s] INFO:colcon.colcon_core.shell:Creating environment hook '/home/rokey/toilet_ws/toilet_project/build/yjm_package01/share/yjm_package01/hook/pythonpath_develop.sh'
[3.786s] Level 1:colcon.colcon_core.environment:checking '/home/rokey/toilet_ws/toilet_project/install/yjm_package01' for CMake module files
[3.786s] Level 1:colcon.colcon_core.environment:checking '/home/rokey/toilet_ws/toilet_project/install/yjm_package01' for CMake config files
[3.787s] Level 1:colcon.colcon_core.environment:checking '/home/rokey/toilet_ws/toilet_project/install/yjm_package01/lib'
[3.787s] Level 1:colcon.colcon_core.environment:checking '/home/rokey/toilet_ws/toilet_project/install/yjm_package01/bin'
[3.788s] Level 1:colcon.colcon_core.environment:checking '/home/rokey/toilet_ws/toilet_project/install/yjm_package01/lib/pkgconfig/yjm_package01.pc'
[3.788s] Level 1:colcon.colcon_core.environment:checking '/home/rokey/toilet_ws/toilet_project/install/yjm_package01/lib/python3.12/site-packages'
[3.788s] Level 1:colcon.colcon_core.shell:create_environment_hook('yjm_package01', 'pythonpath')
[3.788s] INFO:colcon.colcon_core.shell:Creating environment hook '/home/rokey/toilet_ws/toilet_project/install/yjm_package01/share/yjm_package01/hook/pythonpath.ps1'
[3.790s] INFO:colcon.colcon_core.shell:Creating environment descriptor '/home/rokey/toilet_ws/toilet_project/install/yjm_package01/share/yjm_package01/hook/pythonpath.dsv'
[3.791s] INFO:colcon.colcon_core.shell:Creating environment hook '/home/rokey/toilet_ws/toilet_project/install/yjm_package01/share/yjm_package01/hook/pythonpath.sh'
[3.792s] Level 1:colcon.colcon_core.environment:checking '/home/rokey/toilet_ws/toilet_project/install/yjm_package01/bin'
[3.792s] Level 1:colcon.colcon_core.environment:create_environment_scripts_only(yjm_package01)
[3.793s] INFO:colcon.colcon_core.shell:Creating package script '/home/rokey/toilet_ws/toilet_project/install/yjm_package01/share/yjm_package01/package.ps1'
[3.795s] INFO:colcon.colcon_core.shell:Creating package descriptor '/home/rokey/toilet_ws/toilet_project/install/yjm_package01/share/yjm_package01/package.dsv'
[3.796s] INFO:colcon.colcon_core.shell:Creating package script '/home/rokey/toilet_ws/toilet_project/install/yjm_package01/share/yjm_package01/package.sh'
[3.797s] INFO:colcon.colcon_core.shell:Creating package script '/home/rokey/toilet_ws/toilet_project/install/yjm_package01/share/yjm_package01/package.bash'
[3.799s] INFO:colcon.colcon_core.shell:Creating package script '/home/rokey/toilet_ws/toilet_project/install/yjm_package01/share/yjm_package01/package.zsh'
[3.800s] Level 1:colcon.colcon_core.environment:create_file_with_runtime_dependencies(/home/rokey/toilet_ws/toilet_project/install/yjm_package01/share/colcon-core/packages/yjm_package01)
[3.800s] DEBUG:colcon.colcon_parallel_executor.executor.parallel:closing loop
[3.801s] DEBUG:colcon.colcon_parallel_executor.executor.parallel:loop closed
[3.801s] DEBUG:colcon.colcon_parallel_executor.executor.parallel:run_until_complete finished with '0'
[3.801s] DEBUG:colcon.colcon_core.event_reactor:joining thread
[3.813s] INFO:colcon.colcon_core.plugin_system:Skipping extension 'colcon_notification.desktop_notification.terminal_notifier': Not used on non-Darwin systems
[3.813s] INFO:colcon.colcon_core.plugin_system:Skipping extension 'colcon_notification.desktop_notification.win32': Not used on non-Windows systems
[3.814s] INFO:colcon.colcon_notification.desktop_notification:Sending desktop notification using 'notify2'
[3.837s] DEBUG:colcon.colcon_core.event_reactor:joined thread
[3.837s] INFO:colcon.colcon_core.shell:Creating prefix script '/home/rokey/toilet_ws/toilet_project/install/local_setup.ps1'
[3.839s] INFO:colcon.colcon_core.shell:Creating prefix util module '/home/rokey/toilet_ws/toilet_project/install/_local_setup_util_ps1.py'
[3.842s] INFO:colcon.colcon_core.shell:Creating prefix chain script '/home/rokey/toilet_ws/toilet_project/install/setup.ps1'
[3.847s] INFO:colcon.colcon_core.shell:Creating prefix script '/home/rokey/toilet_ws/toilet_project/install/local_setup.sh'
[3.848s] INFO:colcon.colcon_core.shell:Creating prefix util module '/home/rokey/toilet_ws/toilet_project/install/_local_setup_util_sh.py'
[3.849s] INFO:colcon.colcon_core.shell:Creating prefix chain script '/home/rokey/toilet_ws/toilet_project/install/setup.sh'
[3.854s] INFO:colcon.colcon_core.shell:Creating prefix script '/home/rokey/toilet_ws/toilet_project/install/local_setup.bash'
[3.855s] INFO:colcon.colcon_core.shell:Creating prefix chain script '/home/rokey/toilet_ws/toilet_project/install/setup.bash'
[3.861s] INFO:colcon.colcon_core.shell:Creating prefix script '/home/rokey/toilet_ws/toilet_project/install/local_setup.zsh'
[3.862s] INFO:colcon.colcon_core.shell:Creating prefix chain script '/home/rokey/toilet_ws/toilet_project/install/setup.zsh'
