[0.267s] DEBUG:colcon:Command line arguments: ['/usr/bin/colcon', 'build']
[0.267s] DEBUG:colcon:Parsed command line arguments: Namespace(log_base=None, log_level=None, verb_name='build', build_base='build', install_base='install', merge_install=False, symlink_install=False, test_result_base=None, continue_on_error=False, executor='parallel', parallel_workers=8, event_handlers=None, ignore_user_meta=False, metas=['./colcon.meta'], base_paths=['.'], packages_ignore=None, packages_ignore_regex=None, paths=None, packages_up_to=None, packages_up_to_regex=None, packages_above=None, packages_above_and_dependencies=None, packages_above_depth=None, packages_select_by_dep=None, packages_skip_by_dep=None, packages_skip_up_to=None, packages_select_build_failed=False, packages_skip_build_finished=False, packages_select_test_failures=False, packages_skip_test_passed=False, packages_select=None, packages_skip=None, packages_select_regex=None, packages_skip_regex=None, packages_start=None, packages_end=None, allow_overriding=[], cmake_args=None, cmake_target=None, cmake_target_skip_unavailable=False, cmake_clean_cache=False, cmake_clean_first=False, cmake_force_configure=False, ament_cmake_args=None, catkin_cmake_args=None, catkin_skip_building_tests=False, verb_parser=<colcon_defaults.argument_parser.defaults.DefaultArgumentsDecorator object at 0x7a6c41c4f1d0>, verb_extension=<colcon_core.verb.build.BuildVerb object at 0x7a6c41d5f530>, main=<bound method BuildVerb.main of <colcon_core.verb.build.BuildVerb object at 0x7a6c41d5f530>>)
[0.329s] Level 1:colcon.colcon_core.package_discovery:discover_packages(colcon_meta) check parameters
[0.329s] Level 1:colcon.colcon_core.package_discovery:discover_packages(recursive) check parameters
[0.329s] Level 1:colcon.colcon_core.package_discovery:discover_packages(ignore) check parameters
[0.329s] Level 1:colcon.colcon_core.package_discovery:discover_packages(path) check parameters
[0.329s] Level 1:colcon.colcon_core.package_discovery:discover_packages(colcon_meta) discover
[0.329s] Level 1:colcon.colcon_core.package_discovery:discover_packages(recursive) discover
[0.329s] INFO:colcon.colcon_core.package_discovery:Crawling recursively for packages in '/home/rokey/toilet_ws/toilet_project'
[0.329s] Level 1:colcon.colcon_core.package_identification:_identify(.) by extensions ['ignore', 'ignore_ament_install']
[0.329s] Level 1:colcon.colcon_core.package_identification:_identify(.) by extension 'ignore'
[0.329s] Level 1:colcon.colcon_core.package_identification:_identify(.) by extension 'ignore_ament_install'
[0.330s] Level 1:colcon.colcon_core.package_identification:_identify(.) by extensions ['colcon_pkg']
[0.330s] Level 1:colcon.colcon_core.package_identification:_identify(.) by extension 'colcon_pkg'
[0.330s] Level 1:colcon.colcon_core.package_identification:_identify(.) by extensions ['colcon_meta']
[0.330s] Level 1:colcon.colcon_core.package_identification:_identify(.) by extension 'colcon_meta'
[0.330s] Level 1:colcon.colcon_core.package_identification:_identify(.) by extensions ['ros']
[0.330s] Level 1:colcon.colcon_core.package_identification:_identify(.) by extension 'ros'
[0.369s] Level 1:colcon.colcon_core.package_identification:_identify(.) by extensions ['cmake', 'python']
[0.369s] Level 1:colcon.colcon_core.package_identification:_identify(.) by extension 'cmake'
[0.369s] Level 1:colcon.colcon_core.package_identification:_identify(.) by extension 'python'
[0.369s] Level 1:colcon.colcon_core.package_identification:_identify(.) by extensions ['python_setup_py']
[0.369s] Level 1:colcon.colcon_core.package_identification:_identify(.) by extension 'python_setup_py'
[0.369s] Level 1:colcon.colcon_core.package_identification:_identify(build) by extensions ['ignore', 'ignore_ament_install']
[0.370s] Level 1:colcon.colcon_core.package_identification:_identify(build) by extension 'ignore'
[0.370s] Level 1:colcon.colcon_core.package_identification:_identify(build) ignored
[0.370s] Level 1:colcon.colcon_core.package_identification:_identify(install) by extensions ['ignore', 'ignore_ament_install']
[0.370s] Level 1:colcon.colcon_core.package_identification:_identify(install) by extension 'ignore'
[0.370s] Level 1:colcon.colcon_core.package_identification:_identify(install) ignored
[0.370s] Level 1:colcon.colcon_core.package_identification:_identify(log) by extensions ['ignore', 'ignore_ament_install']
[0.370s] Level 1:colcon.colcon_core.package_identification:_identify(log) by extension 'ignore'
[0.370s] Level 1:colcon.colcon_core.package_identification:_identify(log) ignored
[0.370s] Level 1:colcon.colcon_core.package_identification:_identify(src) by extensions ['ignore', 'ignore_ament_install']
[0.370s] Level 1:colcon.colcon_core.package_identification:_identify(src) by extension 'ignore'
[0.371s] Level 1:colcon.colcon_core.package_identification:_identify(src) by extension 'ignore_ament_install'
[0.371s] Level 1:colcon.colcon_core.package_identification:_identify(src) by extensions ['colcon_pkg']
[0.371s] Level 1:colcon.colcon_core.package_identification:_identify(src) by extension 'colcon_pkg'
[0.371s] Level 1:colcon.colcon_core.package_identification:_identify(src) by extensions ['colcon_meta']
[0.371s] Level 1:colcon.colcon_core.package_identification:_identify(src) by extension 'colcon_meta'
[0.371s] Level 1:colcon.colcon_core.package_identification:_identify(src) by extensions ['ros']
[0.371s] Level 1:colcon.colcon_core.package_identification:_identify(src) by extension 'ros'
[0.371s] Level 1:colcon.colcon_core.package_identification:_identify(src) by extensions ['cmake', 'python']
[0.371s] Level 1:colcon.colcon_core.package_identification:_identify(src) by extension 'cmake'
[0.371s] Level 1:colcon.colcon_core.package_identification:_identify(src) by extension 'python'
[0.371s] Level 1:colcon.colcon_core.package_identification:_identify(src) by extensions ['python_setup_py']
[0.371s] Level 1:colcon.colcon_core.package_identification:_identify(src) by extension 'python_setup_py'
[0.371s] Level 1:colcon.colcon_core.package_identification:_identify(src/yjm_package01) by extensions ['ignore', 'ignore_ament_install']
[0.371s] Level 1:colcon.colcon_core.package_identification:_identify(src/yjm_package01) by extension 'ignore'
[0.371s] Level 1:colcon.colcon_core.package_identification:_identify(src/yjm_package01) by extension 'ignore_ament_install'
[0.372s] Level 1:colcon.colcon_core.package_identification:_identify(src/yjm_package01) by extensions ['colcon_pkg']
[0.372s] Level 1:colcon.colcon_core.package_identification:_identify(src/yjm_package01) by extension 'colcon_pkg'
[0.372s] Level 1:colcon.colcon_core.package_identification:_identify(src/yjm_package01) by extensions ['colcon_meta']
[0.372s] Level 1:colcon.colcon_core.package_identification:_identify(src/yjm_package01) by extension 'colcon_meta'
[0.372s] Level 1:colcon.colcon_core.package_identification:_identify(src/yjm_package01) by extensions ['ros']
[0.372s] Level 1:colcon.colcon_core.package_identification:_identify(src/yjm_package01) by extension 'ros'
[0.376s] DEBUG:colcon.colcon_core.package_identification:Package 'src/yjm_package01' with type 'ros.ament_python' and name 'yjm_package01'
[0.376s] Level 1:colcon.colcon_core.package_discovery:discover_packages(recursive) using defaults
[0.376s] Level 1:colcon.colcon_core.package_discovery:discover_packages(ignore) discover
[0.376s] Level 1:colcon.colcon_core.package_discovery:discover_packages(ignore) using defaults
[0.376s] Level 1:colcon.colcon_core.package_discovery:discover_packages(path) discover
[0.376s] Level 1:colcon.colcon_core.package_discovery:discover_packages(path) using defaults
[0.409s] Level 1:colcon.colcon_core.package_discovery:discover_packages(prefix_path) check parameters
[0.409s] Level 1:colcon.colcon_core.package_discovery:discover_packages(prefix_path) discover
[0.441s] DEBUG:colcon.colcon_installed_package_information.package_discovery:Found 35 installed packages in /home/rokey/ws_cobot_pjt/ws_dsr/install
[0.442s] DEBUG:colcon.colcon_installed_package_information.package_discovery:Found 1 installed packages in /home/rokey/ws_cobot_pjt/cobot1/install
[0.446s] DEBUG:colcon.colcon_installed_package_information.package_discovery:Found 386 installed packages in /opt/ros/jazzy
[0.447s] Level 1:colcon.colcon_core.package_discovery:discover_packages(prefix_path) using defaults
[0.611s] Level 5:colcon.colcon_core.verb:set package 'yjm_package01' build argument 'cmake_args' from command line to 'None'
[0.611s] Level 5:colcon.colcon_core.verb:set package 'yjm_package01' build argument 'cmake_target' from command line to 'None'
[0.611s] Level 5:colcon.colcon_core.verb:set package 'yjm_package01' build argument 'cmake_target_skip_unavailable' from command line to 'False'
[0.611s] Level 5:colcon.colcon_core.verb:set package 'yjm_package01' build argument 'cmake_clean_cache' from command line to 'False'
[0.611s] Level 5:colcon.colcon_core.verb:set package 'yjm_package01' build argument 'cmake_clean_first' from command line to 'False'
[0.611s] Level 5:colcon.colcon_core.verb:set package 'yjm_package01' build argument 'cmake_force_configure' from command line to 'False'
[0.611s] Level 5:colcon.colcon_core.verb:set package 'yjm_package01' build argument 'ament_cmake_args' from command line to 'None'
[0.611s] Level 5:colcon.colcon_core.verb:set package 'yjm_package01' build argument 'catkin_cmake_args' from command line to 'None'
[0.612s] Level 5:colcon.colcon_core.verb:set package 'yjm_package01' build argument 'catkin_skip_building_tests' from command line to 'False'
[0.612s] DEBUG:colcon.colcon_core.verb:Building package 'yjm_package01' with the following arguments: {'ament_cmake_args': None, 'build_base': '/home/rokey/toilet_ws/toilet_project/build/yjm_package01', 'catkin_cmake_args': None, 'catkin_skip_building_tests': False, 'cmake_args': None, 'cmake_clean_cache': False, 'cmake_clean_first': False, 'cmake_force_configure': False, 'cmake_target': None, 'cmake_target_skip_unavailable': False, 'install_base': '/home/rokey/toilet_ws/toilet_project/install/yjm_package01', 'merge_install': False, 'path': '/home/rokey/toilet_ws/toilet_project/src/yjm_package01', 'symlink_install': False, 'test_result_base': None}
[0.612s] INFO:colcon.colcon_core.executor:Executing jobs using 'parallel' executor
[0.613s] DEBUG:colcon.colcon_parallel_executor.executor.parallel:run_until_complete
[0.613s] INFO:colcon.colcon_ros.task.ament_python.build:Building ROS package in '/home/rokey/toilet_ws/toilet_project/src/yjm_package01' with build type 'ament_python'
[0.614s] Level 1:colcon.colcon_core.shell:create_environment_hook('yjm_package01', 'ament_prefix_path')
[0.621s] INFO:colcon.colcon_core.plugin_system:Skipping extension 'colcon_core.shell.bat': Not used on non-Windows systems
[0.622s] INFO:colcon.colcon_core.shell:Creating environment hook '/home/rokey/toilet_ws/toilet_project/install/yjm_package01/share/yjm_package01/hook/ament_prefix_path.ps1'
[0.624s] INFO:colcon.colcon_core.shell:Creating environment descriptor '/home/rokey/toilet_ws/toilet_project/install/yjm_package01/share/yjm_package01/hook/ament_prefix_path.dsv'
[0.624s] INFO:colcon.colcon_core.shell:Creating environment hook '/home/rokey/toilet_ws/toilet_project/install/yjm_package01/share/yjm_package01/hook/ament_prefix_path.sh'
[0.625s] INFO:colcon.colcon_core.shell:Skip shell extension 'powershell' for command environment: Not usable outside of PowerShell
[0.626s] DEBUG:colcon.colcon_core.shell:Skip shell extension 'dsv' for command environment
[0.911s] INFO:colcon.colcon_core.task.python.build:Building Python package in '/home/rokey/toilet_ws/toilet_project/src/yjm_package01'
[0.911s] INFO:colcon.colcon_core.shell:Skip shell extension 'powershell' for command environment: Not usable outside of PowerShell
[0.911s] DEBUG:colcon.colcon_core.shell:Skip shell extension 'dsv' for command environment
[1.739s] DEBUG:colcon.colcon_core.task.python.build:Available setuptools commands: develop, easy_install, symlink_data, setopt, compile_catalog, build_py, bdist_egg, init_catalog, check, bdist_dumb, upload, update_catalog, extract_messages, install_headers, install_scripts, clean, build_scripts, register, build_clib, rotate, test, bdist, egg_info, editable_wheel, install_lib, upload_docs, sdist, saveopts, alias, install_data, bdist_rpm, dist_info, install_egg_info, build, install, build_ext
[1.742s] DEBUG:colcon.colcon_core.event_handler.log_command:Invoking command in '/home/rokey/toilet_ws/toilet_project/src/yjm_package01': DEBUGINFOD_URLS=https://debuginfod.ubuntu.com PYTHONPATH=/home/rokey/toilet_ws/toilet_project/build/yjm_package01/prefix_override:/usr/lib/python3/dist-packages/colcon_core/task/python/colcon_distutils_commands:/home/rokey/toilet_ws/toilet_project/install/yjm_package01/lib/python3.12/site-packages:${PYTHONPATH} /usr/bin/python3 -W ignore:setup.py install is deprecated -W ignore:easy_install command is deprecated setup.py egg_info --egg-base ../../build/yjm_package01 build --build-base /home/rokey/toilet_ws/toilet_project/build/yjm_package01/build install --record /home/rokey/toilet_ws/toilet_project/build/yjm_package01/install.log --install-scripts $base/lib/yjm_package01 --single-version-externally-managed install_data
[2.367s] DEBUG:colcon.colcon_core.event_handler.log_command:Invoked command in '/home/rokey/toilet_ws/toilet_project/src/yjm_package01' returned '0': DEBUGINFOD_URLS=https://debuginfod.ubuntu.com PYTHONPATH=/home/rokey/toilet_ws/toilet_project/build/yjm_package01/prefix_override:/usr/lib/python3/dist-packages/colcon_core/task/python/colcon_distutils_commands:/home/rokey/toilet_ws/toilet_project/install/yjm_package01/lib/python3.12/site-packages:${PYTHONPATH} /usr/bin/python3 -W ignore:setup.py install is deprecated -W ignore:easy_install command is deprecated setup.py egg_info --egg-base ../../build/yjm_package01 build --build-base /home/rokey/toilet_ws/toilet_project/build/yjm_package01/build install --record /home/rokey/toilet_ws/toilet_project/build/yjm_package01/install.log --install-scripts $base/lib/yjm_package01 --single-version-externally-managed install_data
[2.376s] Level 1:colcon.colcon_core.environment:checking '/home/rokey/toilet_ws/toilet_project/install/yjm_package01' for CMake module files
[2.377s] Level 1:colcon.colcon_core.environment:checking '/home/rokey/toilet_ws/toilet_project/install/yjm_package01' for CMake config files
[2.379s] Level 1:colcon.colcon_core.environment:checking '/home/rokey/toilet_ws/toilet_project/install/yjm_package01/lib'
[2.379s] Level 1:colcon.colcon_core.environment:checking '/home/rokey/toilet_ws/toilet_project/install/yjm_package01/bin'
[2.380s] Level 1:colcon.colcon_core.environment:checking '/home/rokey/toilet_ws/toilet_project/install/yjm_package01/lib/pkgconfig/yjm_package01.pc'
[2.380s] Level 1:colcon.colcon_core.environment:checking '/home/rokey/toilet_ws/toilet_project/install/yjm_package01/lib/python3.12/site-packages'
[2.381s] Level 1:colcon.colcon_core.shell:create_environment_hook('yjm_package01', 'pythonpath')
[2.381s] INFO:colcon.colcon_core.shell:Creating environment hook '/home/rokey/toilet_ws/toilet_project/install/yjm_package01/share/yjm_package01/hook/pythonpath.ps1'
[2.382s] INFO:colcon.colcon_core.shell:Creating environment descriptor '/home/rokey/toilet_ws/toilet_project/install/yjm_package01/share/yjm_package01/hook/pythonpath.dsv'
[2.383s] INFO:colcon.colcon_core.shell:Creating environment hook '/home/rokey/toilet_ws/toilet_project/install/yjm_package01/share/yjm_package01/hook/pythonpath.sh'
[2.385s] Level 1:colcon.colcon_core.environment:checking '/home/rokey/toilet_ws/toilet_project/install/yjm_package01/bin'
[2.385s] Level 1:colcon.colcon_core.environment:create_environment_scripts_only(yjm_package01)
[2.385s] INFO:colcon.colcon_core.shell:Creating package script '/home/rokey/toilet_ws/toilet_project/install/yjm_package01/share/yjm_package01/package.ps1'
[2.388s] INFO:colcon.colcon_core.shell:Creating package descriptor '/home/rokey/toilet_ws/toilet_project/install/yjm_package01/share/yjm_package01/package.dsv'
[2.389s] INFO:colcon.colcon_core.shell:Creating package script '/home/rokey/toilet_ws/toilet_project/install/yjm_package01/share/yjm_package01/package.sh'
[2.390s] INFO:colcon.colcon_core.shell:Creating package script '/home/rokey/toilet_ws/toilet_project/install/yjm_package01/share/yjm_package01/package.bash'
[2.392s] INFO:colcon.colcon_core.shell:Creating package script '/home/rokey/toilet_ws/toilet_project/install/yjm_package01/share/yjm_package01/package.zsh'
[2.393s] Level 1:colcon.colcon_core.environment:create_file_with_runtime_dependencies(/home/rokey/toilet_ws/toilet_project/install/yjm_package01/share/colcon-core/packages/yjm_package01)
[2.394s] DEBUG:colcon.colcon_parallel_executor.executor.parallel:closing loop
[2.394s] DEBUG:colcon.colcon_parallel_executor.executor.parallel:loop closed
[2.394s] DEBUG:colcon.colcon_parallel_executor.executor.parallel:run_until_complete finished with '0'
[2.394s] DEBUG:colcon.colcon_core.event_reactor:joining thread
[2.411s] INFO:colcon.colcon_core.plugin_system:Skipping extension 'colcon_notification.desktop_notification.terminal_notifier': Not used on non-Darwin systems
[2.411s] INFO:colcon.colcon_core.plugin_system:Skipping extension 'colcon_notification.desktop_notification.win32': Not used on non-Windows systems
[2.411s] INFO:colcon.colcon_notification.desktop_notification:Sending desktop notification using 'notify2'
[2.480s] DEBUG:colcon.colcon_core.event_reactor:joined thread
[2.480s] INFO:colcon.colcon_core.shell:Creating prefix script '/home/rokey/toilet_ws/toilet_project/install/local_setup.ps1'
[2.482s] INFO:colcon.colcon_core.shell:Creating prefix util module '/home/rokey/toilet_ws/toilet_project/install/_local_setup_util_ps1.py'
[2.484s] INFO:colcon.colcon_core.shell:Creating prefix chain script '/home/rokey/toilet_ws/toilet_project/install/setup.ps1'
[2.489s] INFO:colcon.colcon_core.shell:Creating prefix script '/home/rokey/toilet_ws/toilet_project/install/local_setup.sh'
[2.490s] INFO:colcon.colcon_core.shell:Creating prefix util module '/home/rokey/toilet_ws/toilet_project/install/_local_setup_util_sh.py'
[2.491s] INFO:colcon.colcon_core.shell:Creating prefix chain script '/home/rokey/toilet_ws/toilet_project/install/setup.sh'
[2.495s] INFO:colcon.colcon_core.shell:Creating prefix script '/home/rokey/toilet_ws/toilet_project/install/local_setup.bash'
[2.496s] INFO:colcon.colcon_core.shell:Creating prefix chain script '/home/rokey/toilet_ws/toilet_project/install/setup.bash'
[2.500s] INFO:colcon.colcon_core.shell:Creating prefix script '/home/rokey/toilet_ws/toilet_project/install/local_setup.zsh'
[2.501s] INFO:colcon.colcon_core.shell:Creating prefix chain script '/home/rokey/toilet_ws/toilet_project/install/setup.zsh'
