[1.877s] Invoking command in '/home/rokey/toilet_ws/toilet_project/src/yjm_package01': DEBUGINFOD_URLS=https://debuginfod.ubuntu.com PYTHONPATH=/home/rokey/toilet_ws/toilet_project/build/yjm_package01/prefix_override:/usr/lib/python3/dist-packages/colcon_core/task/python/colcon_distutils_commands:/home/rokey/toilet_ws/toilet_project/install/yjm_package01/lib/python3.12/site-packages:${PYTHONPATH} /usr/bin/python3 -W ignore:setup.py install is deprecated -W ignore:easy_install command is deprecated setup.py egg_info --egg-base ../../build/yjm_package01 build --build-base /home/rokey/toilet_ws/toilet_project/build/yjm_package01/build install --record /home/rokey/toilet_ws/toilet_project/build/yjm_package01/install.log --install-scripts $base/lib/yjm_package01 --single-version-externally-managed install_data
[2.325s] running egg_info
[2.354s] writing ../../build/yjm_package01/yjm_package01.egg-info/PKG-INFO
[2.354s] writing dependency_links to ../../build/yjm_package01/yjm_package01.egg-info/dependency_links.txt
[2.355s] writing entry points to ../../build/yjm_package01/yjm_package01.egg-info/entry_points.txt
[2.355s] writing requirements to ../../build/yjm_package01/yjm_package01.egg-info/requires.txt
[2.355s] writing top-level names to ../../build/yjm_package01/yjm_package01.egg-info/top_level.txt
[2.414s] reading manifest file '../../build/yjm_package01/yjm_package01.egg-info/SOURCES.txt'
[2.415s] writing manifest file '../../build/yjm_package01/yjm_package01.egg-info/SOURCES.txt'
[2.415s] running build
[2.415s] running build_py
[2.415s] copying yjm_package01/test.py -> /home/rokey/toilet_ws/toilet_project/build/yjm_package01/build/lib/yjm_package01
[2.416s] running install
[2.423s] running install_lib
[2.452s] copying /home/rokey/toilet_ws/toilet_project/build/yjm_package01/build/lib/yjm_package01/test.py -> /home/rokey/toilet_ws/toilet_project/install/yjm_package01/lib/python3.12/site-packages/yjm_package01
[2.453s] byte-compiling /home/rokey/toilet_ws/toilet_project/install/yjm_package01/lib/python3.12/site-packages/yjm_package01/test.py to test.cpython-312.pyc
[2.453s] running install_data
[2.453s] running install_egg_info
[2.481s] removing '/home/rokey/toilet_ws/toilet_project/install/yjm_package01/lib/python3.12/site-packages/yjm_package01-0.0.0-py3.12.egg-info' (and everything under it)
[2.482s] Copying ../../build/yjm_package01/yjm_package01.egg-info to /home/rokey/toilet_ws/toilet_project/install/yjm_package01/lib/python3.12/site-packages/yjm_package01-0.0.0-py3.12.egg-info
[2.483s] running install_scripts
[2.647s] Installing test script to /home/rokey/toilet_ws/toilet_project/install/yjm_package01/lib/yjm_package01
[2.648s] writing list of installed files to '/home/rokey/toilet_ws/toilet_project/build/yjm_package01/install.log'
[2.687s] Invoked command in '/home/rokey/toilet_ws/toilet_project/src/yjm_package01' returned '0': DEBUGINFOD_URLS=https://debuginfod.ubuntu.com PYTHONPATH=/home/rokey/toilet_ws/toilet_project/build/yjm_package01/prefix_override:/usr/lib/python3/dist-packages/colcon_core/task/python/colcon_distutils_commands:/home/rokey/toilet_ws/toilet_project/install/yjm_package01/lib/python3.12/site-packages:${PYTHONPATH} /usr/bin/python3 -W ignore:setup.py install is deprecated -W ignore:easy_install command is deprecated setup.py egg_info --egg-base ../../build/yjm_package01 build --build-base /home/rokey/toilet_ws/toilet_project/build/yjm_package01/build install --record /home/rokey/toilet_ws/toilet_project/build/yjm_package01/install.log --install-scripts $base/lib/yjm_package01 --single-version-externally-managed install_data
