[1.127s] Invoking command in '/home/rokey/toilet_ws/toilet_project/src/yjm_package01': DEBUGINFOD_URLS=https://debuginfod.ubuntu.com PYTHONPATH=/home/rokey/toilet_ws/toilet_project/build/yjm_package01/prefix_override:/usr/lib/python3/dist-packages/colcon_core/task/python/colcon_distutils_commands:/home/rokey/toilet_ws/toilet_project/install/yjm_package01/lib/python3.12/site-packages:${PYTHONPATH} /usr/bin/python3 -W ignore:setup.py install is deprecated -W ignore:easy_install command is deprecated setup.py egg_info --egg-base ../../build/yjm_package01 build --build-base /home/rokey/toilet_ws/toilet_project/build/yjm_package01/build install --record /home/rokey/toilet_ws/toilet_project/build/yjm_package01/install.log --install-scripts $base/lib/yjm_package01 --single-version-externally-managed install_data
[1.427s] running egg_info
[1.433s] creating ../../build/yjm_package01/yjm_package01.egg-info
[1.448s] writing ../../build/yjm_package01/yjm_package01.egg-info/PKG-INFO
[1.449s] writing dependency_links to ../../build/yjm_package01/yjm_package01.egg-info/dependency_links.txt
[1.449s] writing requirements to ../../build/yjm_package01/yjm_package01.egg-info/requires.txt
[1.449s] writing top-level names to ../../build/yjm_package01/yjm_package01.egg-info/top_level.txt
[1.449s] writing manifest file '../../build/yjm_package01/yjm_package01.egg-info/SOURCES.txt'
[1.493s] reading manifest file '../../build/yjm_package01/yjm_package01.egg-info/SOURCES.txt'
[1.493s] writing manifest file '../../build/yjm_package01/yjm_package01.egg-info/SOURCES.txt'
[1.494s] running build
[1.494s] running build_py
[1.494s] creating /home/rokey/toilet_ws/toilet_project/build/yjm_package01/build
[1.494s] creating /home/rokey/toilet_ws/toilet_project/build/yjm_package01/build/lib
[1.495s] creating /home/rokey/toilet_ws/toilet_project/build/yjm_package01/build/lib/yjm_package01
[1.495s] copying yjm_package01/__init__.py -> /home/rokey/toilet_ws/toilet_project/build/yjm_package01/build/lib/yjm_package01
[1.495s] copying yjm_package01/test.py -> /home/rokey/toilet_ws/toilet_project/build/yjm_package01/build/lib/yjm_package01
[1.495s] running install
[1.502s] running install_lib
[1.525s] creating /home/rokey/toilet_ws/toilet_project/install/yjm_package01/lib/python3.12/site-packages/yjm_package01
[1.525s] copying /home/rokey/toilet_ws/toilet_project/build/yjm_package01/build/lib/yjm_package01/__init__.py -> /home/rokey/toilet_ws/toilet_project/install/yjm_package01/lib/python3.12/site-packages/yjm_package01
[1.525s] copying /home/rokey/toilet_ws/toilet_project/build/yjm_package01/build/lib/yjm_package01/test.py -> /home/rokey/toilet_ws/toilet_project/install/yjm_package01/lib/python3.12/site-packages/yjm_package01
[1.525s] byte-compiling /home/rokey/toilet_ws/toilet_project/install/yjm_package01/lib/python3.12/site-packages/yjm_package01/__init__.py to __init__.cpython-312.pyc
[1.526s] byte-compiling /home/rokey/toilet_ws/toilet_project/install/yjm_package01/lib/python3.12/site-packages/yjm_package01/test.py to test.cpython-312.pyc
[1.526s] running install_data
[1.526s] creating /home/rokey/toilet_ws/toilet_project/install/yjm_package01/share/ament_index
[1.526s] creating /home/rokey/toilet_ws/toilet_project/install/yjm_package01/share/ament_index/resource_index
[1.527s] creating /home/rokey/toilet_ws/toilet_project/install/yjm_package01/share/ament_index/resource_index/packages
[1.527s] copying resource/yjm_package01 -> /home/rokey/toilet_ws/toilet_project/install/yjm_package01/share/ament_index/resource_index/packages
[1.527s] copying package.xml -> /home/rokey/toilet_ws/toilet_project/install/yjm_package01/share/yjm_package01
[1.527s] running install_egg_info
[1.550s] Copying ../../build/yjm_package01/yjm_package01.egg-info to /home/rokey/toilet_ws/toilet_project/install/yjm_package01/lib/python3.12/site-packages/yjm_package01-0.0.0-py3.12.egg-info
[1.551s] running install_scripts
[1.698s] writing list of installed files to '/home/rokey/toilet_ws/toilet_project/build/yjm_package01/install.log'
[1.752s] Invoked command in '/home/rokey/toilet_ws/toilet_project/src/yjm_package01' returned '0': DEBUGINFOD_URLS=https://debuginfod.ubuntu.com PYTHONPATH=/home/rokey/toilet_ws/toilet_project/build/yjm_package01/prefix_override:/usr/lib/python3/dist-packages/colcon_core/task/python/colcon_distutils_commands:/home/rokey/toilet_ws/toilet_project/install/yjm_package01/lib/python3.12/site-packages:${PYTHONPATH} /usr/bin/python3 -W ignore:setup.py install is deprecated -W ignore:easy_install command is deprecated setup.py egg_info --egg-base ../../build/yjm_package01 build --build-base /home/rokey/toilet_ws/toilet_project/build/yjm_package01/build install --record /home/rokey/toilet_ws/toilet_project/build/yjm_package01/install.log --install-scripts $base/lib/yjm_package01 --single-version-externally-managed install_data
