[0.946s] Invoking command in '/home/rokey/toilet_ws/toilet_project/build/yjm_package01': DEBUGINFOD_URLS=https://debuginfod.ubuntu.com PYTHONPATH=/home/rokey/toilet_ws/toilet_project/build/yjm_package01/prefix_override:/usr/lib/python3/dist-packages/colcon_core/task/python/colcon_distutils_commands:/home/rokey/toilet_ws/toilet_project/install/yjm_package01/lib/python3.12/site-packages:${PYTHONPATH} /usr/bin/python3 -W ignore:setup.py install is deprecated -W ignore:easy_install command is deprecated setup.py develop --uninstall --editable --build-directory /home/rokey/toilet_ws/toilet_project/build/yjm_package01/build
[1.300s] running develop
[1.529s] Removing /home/rokey/toilet_ws/toilet_project/install/yjm_package01/lib/python3.12/site-packages/yjm-package01.egg-link (link to .)
[1.570s] Invoked command in '/home/rokey/toilet_ws/toilet_project/build/yjm_package01' returned '0': DEBUGINFOD_URLS=https://debuginfod.ubuntu.com PYTHONPATH=/home/rokey/toilet_ws/toilet_project/build/yjm_package01/prefix_override:/usr/lib/python3/dist-packages/colcon_core/task/python/colcon_distutils_commands:/home/rokey/toilet_ws/toilet_project/install/yjm_package01/lib/python3.12/site-packages:${PYTHONPATH} /usr/bin/python3 -W ignore:setup.py install is deprecated -W ignore:easy_install command is deprecated setup.py develop --uninstall --editable --build-directory /home/rokey/toilet_ws/toilet_project/build/yjm_package01/build
[1.572s] Invoking command in '/home/rokey/toilet_ws/toilet_project/src/yjm_package01': DEBUGINFOD_URLS=https://debuginfod.ubuntu.com PYTHONPATH=/home/rokey/toilet_ws/toilet_project/build/yjm_package01/prefix_override:/usr/lib/python3/dist-packages/colcon_core/task/python/colcon_distutils_commands:/home/rokey/toilet_ws/toilet_project/install/yjm_package01/lib/python3.12/site-packages:${PYTHONPATH} /usr/bin/python3 -W ignore:setup.py install is deprecated -W ignore:easy_install command is deprecated setup.py egg_info --egg-base ../../build/yjm_package01 build --build-base /home/rokey/toilet_ws/toilet_project/build/yjm_package01/build install --record /home/rokey/toilet_ws/toilet_project/build/yjm_package01/install.log --install-scripts $base/lib/yjm_package01 --single-version-externally-managed install_data --force
[1.892s] running egg_info
[1.930s] writing ../../build/yjm_package01/yjm_package01.egg-info/PKG-INFO
[1.930s] writing dependency_links to ../../build/yjm_package01/yjm_package01.egg-info/dependency_links.txt
[1.931s] writing entry points to ../../build/yjm_package01/yjm_package01.egg-info/entry_points.txt
[1.931s] writing requirements to ../../build/yjm_package01/yjm_package01.egg-info/requires.txt
[1.931s] writing top-level names to ../../build/yjm_package01/yjm_package01.egg-info/top_level.txt
[1.995s] reading manifest file '../../build/yjm_package01/yjm_package01.egg-info/SOURCES.txt'
[1.996s] writing manifest file '../../build/yjm_package01/yjm_package01.egg-info/SOURCES.txt'
[1.997s] running build
[1.997s] running build_py
[1.997s] copying yjm_package01/test.py -> /home/rokey/toilet_ws/toilet_project/build/yjm_package01/build/lib/yjm_package01
[1.997s] running install
[2.007s] running install_lib
[2.038s] creating /home/rokey/toilet_ws/toilet_project/install/yjm_package01/lib/python3.12/site-packages/yjm_package01
[2.038s] copying /home/rokey/toilet_ws/toilet_project/build/yjm_package01/build/lib/yjm_package01/__init__.py -> /home/rokey/toilet_ws/toilet_project/install/yjm_package01/lib/python3.12/site-packages/yjm_package01
[2.039s] copying /home/rokey/toilet_ws/toilet_project/build/yjm_package01/build/lib/yjm_package01/test.py -> /home/rokey/toilet_ws/toilet_project/install/yjm_package01/lib/python3.12/site-packages/yjm_package01
[2.039s] byte-compiling /home/rokey/toilet_ws/toilet_project/install/yjm_package01/lib/python3.12/site-packages/yjm_package01/__init__.py to __init__.cpython-312.pyc
[2.039s] byte-compiling /home/rokey/toilet_ws/toilet_project/install/yjm_package01/lib/python3.12/site-packages/yjm_package01/test.py to test.cpython-312.pyc
[2.040s] running install_data
[2.040s] copying resource/yjm_package01 -> /home/rokey/toilet_ws/toilet_project/install/yjm_package01/share/ament_index/resource_index/packages
[2.040s] copying package.xml -> /home/rokey/toilet_ws/toilet_project/install/yjm_package01/share/yjm_package01
[2.040s] running install_egg_info
[2.069s] Copying ../../build/yjm_package01/yjm_package01.egg-info to /home/rokey/toilet_ws/toilet_project/install/yjm_package01/lib/python3.12/site-packages/yjm_package01-0.0.0-py3.12.egg-info
[2.070s] running install_scripts
[2.215s] Installing test script to /home/rokey/toilet_ws/toilet_project/install/yjm_package01/lib/yjm_package01
[2.215s] writing list of installed files to '/home/rokey/toilet_ws/toilet_project/build/yjm_package01/install.log'
[2.251s] Invoked command in '/home/rokey/toilet_ws/toilet_project/src/yjm_package01' returned '0': DEBUGINFOD_URLS=https://debuginfod.ubuntu.com PYTHONPATH=/home/rokey/toilet_ws/toilet_project/build/yjm_package01/prefix_override:/usr/lib/python3/dist-packages/colcon_core/task/python/colcon_distutils_commands:/home/rokey/toilet_ws/toilet_project/install/yjm_package01/lib/python3.12/site-packages:${PYTHONPATH} /usr/bin/python3 -W ignore:setup.py install is deprecated -W ignore:easy_install command is deprecated setup.py egg_info --egg-base ../../build/yjm_package01 build --build-base /home/rokey/toilet_ws/toilet_project/build/yjm_package01/build install --record /home/rokey/toilet_ws/toilet_project/build/yjm_package01/install.log --install-scripts $base/lib/yjm_package01 --single-version-externally-managed install_data --force
