[0.161s] DEBUG:colcon:Command line arguments: ['/usr/bin/colcon', 'build', '--symlink-install']
[0.161s] DEBUG:colcon:Parsed command line arguments: Namespace(log_base=None, log_level=None, verb_name='build', build_base='build', install_base='install', merge_install=False, symlink_install=True, test_result_base=None, continue_on_error=False, executor='parallel', parallel_workers=8, event_handlers=None, ignore_user_meta=False, metas=['./colcon.meta'], base_paths=['.'], packages_ignore=None, packages_ignore_regex=None, paths=None, packages_up_to=None, packages_up_to_regex=None, packages_above=None, packages_above_and_dependencies=None, packages_above_depth=None, packages_select_by_dep=None, packages_skip_by_dep=None, packages_skip_up_to=None, packages_select_build_failed=False, packages_skip_build_finished=False, packages_select_test_failures=False, packages_skip_test_passed=False, packages_select=None, packages_skip=None, packages_select_regex=None, packages_skip_regex=None, packages_start=None, packages_end=None, allow_overriding=[], cmake_args=None, cmake_target=None, cmake_target_skip_unavailable=False, cmake_clean_cache=False, cmake_clean_first=False, cmake_force_configure=False, ament_cmake_args=None, catkin_cmake_args=None, catkin_skip_building_tests=False, verb_parser=<colcon_defaults.argument_parser.defaults.DefaultArgumentsDecorator object at 0x7d46b32674a0>, verb_extension=<colcon_core.verb.build.BuildVerb object at 0x7d46b3312060>, main=<bound method BuildVerb.main of <colcon_core.verb.build.BuildVerb object at 0x7d46b3312060>>)
[0.222s] Level 1:colcon.colcon_core.package_discovery:discover_packages(colcon_meta) check parameters
[0.222s] Level 1:colcon.colcon_core.package_discovery:discover_packages(recursive) check parameters
[0.223s] Level 1:colcon.colcon_core.package_discovery:discover_packages(ignore) check parameters
[0.223s] Level 1:colcon.colcon_core.package_discovery:discover_packages(path) check parameters
[0.223s] Level 1:colcon.colcon_core.package_discovery:discover_packages(colcon_meta) discover
[0.223s] Level 1:colcon.colcon_core.package_discovery:discover_packages(recursive) discover
[0.223s] INFO:colcon.colcon_core.package_discovery:Crawling recursively for packages in '/home/rokey/toilet_ws/toilet_project'
[0.223s] Level 1:colcon.colcon_core.package_identification:_identify(.) by extensions ['ignore', 'ignore_ament_install']
[0.223s] Level 1:colcon.colcon_core.package_identification:_identify(.) by extension 'ignore'
[0.223s] Level 1:colcon.colcon_core.package_identification:_identify(.) by extension 'ignore_ament_install'
[0.223s] Level 1:colcon.colcon_core.package_identification:_identify(.) by extensions ['colcon_pkg']
[0.223s] Level 1:colcon.colcon_core.package_identification:_identify(.) by extension 'colcon_pkg'
[0.223s] Level 1:colcon.colcon_core.package_identification:_identify(.) by extensions ['colcon_meta']
[0.224s] Level 1:colcon.colcon_core.package_identification:_identify(.) by extension 'colcon_meta'
[0.224s] Level 1:colcon.colcon_core.package_identification:_identify(.) by extensions ['ros']
[0.224s] Level 1:colcon.colcon_core.package_identification:_identify(.) by extension 'ros'
[0.268s] Level 1:colcon.colcon_core.package_identification:_identify(.) by extensions ['cmake', 'python']
[0.268s] Level 1:colcon.colcon_core.package_identification:_identify(.) by extension 'cmake'
[0.268s] Level 1:colcon.colcon_core.package_identification:_identify(.) by extension 'python'
[0.268s] Level 1:colcon.colcon_core.package_identification:_identify(.) by extensions ['python_setup_py']
[0.268s] Level 1:colcon.colcon_core.package_identification:_identify(.) by extension 'python_setup_py'
[0.268s] Level 1:colcon.colcon_core.package_identification:_identify(build) by extensions ['ignore', 'ignore_ament_install']
[0.269s] Level 1:colcon.colcon_core.package_identification:_identify(build) by extension 'ignore'
[0.269s] Level 1:colcon.colcon_core.package_identification:_identify(build) ignored
[0.269s] Level 1:colcon.colcon_core.package_identification:_identify(install) by extensions ['ignore', 'ignore_ament_install']
[0.269s] Level 1:colcon.colcon_core.package_identification:_identify(install) by extension 'ignore'
[0.269s] Level 1:colcon.colcon_core.package_identification:_identify(install) ignored
[0.269s] Level 1:colcon.colcon_core.package_identification:_identify(log) by extensions ['ignore', 'ignore_ament_install']
[0.269s] Level 1:colcon.colcon_core.package_identification:_identify(log) by extension 'ignore'
[0.270s] Level 1:colcon.colcon_core.package_identification:_identify(log) ignored
[0.270s] Level 1:colcon.colcon_core.package_identification:_identify(src) by extensions ['ignore', 'ignore_ament_install']
[0.270s] Level 1:colcon.colcon_core.package_identification:_identify(src) by extension 'ignore'
[0.270s] Level 1:colcon.colcon_core.package_identification:_identify(src) by extension 'ignore_ament_install'
[0.270s] Level 1:colcon.colcon_core.package_identification:_identify(src) by extensions ['colcon_pkg']
[0.270s] Level 1:colcon.colcon_core.package_identification:_identify(src) by extension 'colcon_pkg'
[0.270s] Level 1:colcon.colcon_core.package_identification:_identify(src) by extensions ['colcon_meta']
[0.270s] Level 1:colcon.colcon_core.package_identification:_identify(src) by extension 'colcon_meta'
[0.270s] Level 1:colcon.colcon_core.package_identification:_identify(src) by extensions ['ros']
[0.270s] Level 1:colcon.colcon_core.package_identification:_identify(src) by extension 'ros'
[0.271s] Level 1:colcon.colcon_core.package_identification:_identify(src) by extensions ['cmake', 'python']
[0.271s] Level 1:colcon.colcon_core.package_identification:_identify(src) by extension 'cmake'
[0.271s] Level 1:colcon.colcon_core.package_identification:_identify(src) by extension 'python'
[0.271s] Level 1:colcon.colcon_core.package_identification:_identify(src) by extensions ['python_setup_py']
[0.271s] Level 1:colcon.colcon_core.package_identification:_identify(src) by extension 'python_setup_py'
[0.271s] Level 1:colcon.colcon_core.package_identification:_identify(src/yjm_package01) by extensions ['ignore', 'ignore_ament_install']
[0.271s] Level 1:colcon.colcon_core.package_identification:_identify(src/yjm_package01) by extension 'ignore'
[0.271s] Level 1:colcon.colcon_core.package_identification:_identify(src/yjm_package01) by extension 'ignore_ament_install'
[0.271s] Level 1:colcon.colcon_core.package_identification:_identify(src/yjm_package01) by extensions ['colcon_pkg']
[0.271s] Level 1:colcon.colcon_core.package_identification:_identify(src/yjm_package01) by extension 'colcon_pkg'
[0.272s] Level 1:colcon.colcon_core.package_identification:_identify(src/yjm_package01) by extensions ['colcon_meta']
[0.272s] Level 1:colcon.colcon_core.package_identification:_identify(src/yjm_package01) by extension 'colcon_meta'
[0.272s] Level 1:colcon.colcon_core.package_identification:_identify(src/yjm_package01) by extensions ['ros']
[0.272s] Level 1:colcon.colcon_core.package_identification:_identify(src/yjm_package01) by extension 'ros'
[0.275s] DEBUG:colcon.colcon_core.package_identification:Package 'src/yjm_package01' with type 'ros.ament_python' and name 'yjm_package01'
[0.275s] Level 1:colcon.colcon_core.package_discovery:discover_packages(recursive) using defaults
[0.275s] Level 1:colcon.colcon_core.package_discovery:discover_packages(ignore) discover
[0.276s] Level 1:colcon.colcon_core.package_discovery:discover_packages(ignore) using defaults
[0.276s] Level 1:colcon.colcon_core.package_discovery:discover_packages(path) discover
[0.276s] Level 1:colcon.colcon_core.package_discovery:discover_packages(path) using defaults
[0.306s] Level 1:colcon.colcon_core.package_discovery:discover_packages(prefix_path) check parameters
[0.306s] Level 1:colcon.colcon_core.package_discovery:discover_packages(prefix_path) discover
[0.311s] DEBUG:colcon.colcon_installed_package_information.package_discovery:Found 1 installed packages in /home/rokey/toilet_ws/toilet_project/install
[0.313s] DEBUG:colcon.colcon_installed_package_information.package_discovery:Found 35 installed packages in /home/rokey/ws_cobot_pjt/ws_dsr/install
[0.314s] DEBUG:colcon.colcon_installed_package_information.package_discovery:Found 1 installed packages in /home/rokey/ws_cobot_pjt/cobot1/install
[0.316s] DEBUG:colcon.colcon_installed_package_information.package_discovery:Found 386 installed packages in /opt/ros/jazzy
[0.319s] Level 1:colcon.colcon_core.package_discovery:discover_packages(prefix_path) using defaults
[0.416s] Level 5:colcon.colcon_core.verb:set package 'yjm_package01' build argument 'cmake_args' from command line to 'None'
[0.416s] Level 5:colcon.colcon_core.verb:set package 'yjm_package01' build argument 'cmake_target' from command line to 'None'
[0.416s] Level 5:colcon.colcon_core.verb:set package 'yjm_package01' build argument 'cmake_target_skip_unavailable' from command line to 'False'
[0.416s] Level 5:colcon.colcon_core.verb:set package 'yjm_package01' build argument 'cmake_clean_cache' from command line to 'False'
[0.416s] Level 5:colcon.colcon_core.verb:set package 'yjm_package01' build argument 'cmake_clean_first' from command line to 'False'
[0.416s] Level 5:colcon.colcon_core.verb:set package 'yjm_package01' build argument 'cmake_force_configure' from command line to 'False'
[0.416s] Level 5:colcon.colcon_core.verb:set package 'yjm_package01' build argument 'ament_cmake_args' from command line to 'None'
[0.416s] Level 5:colcon.colcon_core.verb:set package 'yjm_package01' build argument 'catkin_cmake_args' from command line to 'None'
[0.417s] Level 5:colcon.colcon_core.verb:set package 'yjm_package01' build argument 'catkin_skip_building_tests' from command line to 'False'
[0.417s] DEBUG:colcon.colcon_core.verb:Building package 'yjm_package01' with the following arguments: {'ament_cmake_args': None, 'build_base': '/home/rokey/toilet_ws/toilet_project/build/yjm_package01', 'catkin_cmake_args': None, 'catkin_skip_building_tests': False, 'cmake_args': None, 'cmake_clean_cache': False, 'cmake_clean_first': False, 'cmake_force_configure': False, 'cmake_target': None, 'cmake_target_skip_unavailable': False, 'install_base': '/home/rokey/toilet_ws/toilet_project/install/yjm_package01', 'merge_install': False, 'path': '/home/rokey/toilet_ws/toilet_project/src/yjm_package01', 'symlink_install': True, 'test_result_base': None}
[0.417s] INFO:colcon.colcon_core.executor:Executing jobs using 'parallel' executor
[0.419s] DEBUG:colcon.colcon_parallel_executor.executor.parallel:run_until_complete
[0.419s] INFO:colcon.colcon_ros.task.ament_python.build:Building ROS package in '/home/rokey/toilet_ws/toilet_project/src/yjm_package01' with build type 'ament_python'
[0.419s] Level 1:colcon.colcon_core.shell:create_environment_hook('yjm_package01', 'ament_prefix_path')
[0.423s] INFO:colcon.colcon_core.plugin_system:Skipping extension 'colcon_core.shell.bat': Not used on non-Windows systems
[0.423s] INFO:colcon.colcon_core.shell:Creating environment hook '/home/rokey/toilet_ws/toilet_project/install/yjm_package01/share/yjm_package01/hook/ament_prefix_path.ps1'
[0.424s] INFO:colcon.colcon_core.shell:Creating environment descriptor '/home/rokey/toilet_ws/toilet_project/install/yjm_package01/share/yjm_package01/hook/ament_prefix_path.dsv'
[0.425s] INFO:colcon.colcon_core.shell:Creating environment hook '/home/rokey/toilet_ws/toilet_project/install/yjm_package01/share/yjm_package01/hook/ament_prefix_path.sh'
[0.427s] INFO:colcon.colcon_core.shell:Skip shell extension 'powershell' for command environment: Not usable outside of PowerShell
[0.428s] DEBUG:colcon.colcon_core.shell:Skip shell extension 'dsv' for command environment
[0.812s] INFO:colcon.colcon_core.task.python.build:Building Python package in '/home/rokey/toilet_ws/toilet_project/src/yjm_package01'
[0.812s] INFO:colcon.colcon_core.shell:Skip shell extension 'powershell' for command environment: Not usable outside of PowerShell
[0.813s] DEBUG:colcon.colcon_core.shell:Skip shell extension 'dsv' for command environment
[1.793s] DEBUG:colcon.colcon_core.task.python.build:Available setuptools commands: setopt, symlink_data, build_scripts, install_lib, alias, compile_catalog, editable_wheel, sdist, upload, install, bdist_egg, develop, check, init_catalog, install_scripts, install_data, saveopts, test, extract_messages, clean, easy_install, update_catalog, bdist_rpm, rotate, build_py, bdist, build, bdist_dumb, install_headers, upload_docs, register, egg_info, dist_info, build_clib, install_egg_info, build_ext
[2.425s] DEBUG:colcon.colcon_core.task.python.build:Available setuptools 'develop' options: --no-user-cfg, --always-copy, --help, --verbose, --multi-version, --always-unzip, --editable, --uninstall, --optimize, --quiet, --record, --allow-hosts, --dry-run, --site-dirs, --user, --find-links, --force-installation-into-system-dir, --version, --exclude-scripts, --zip-ok, --install-dir, --index-url, --no-deps, --upgrade, --prefix, --local-snapshots-ok, --script-dir, --install-layout, --egg-path, --no-find-links, --build-directory
[2.426s] DEBUG:colcon.colcon_core.task.python.build:While undoing a previous installation files outside the Python library path are being ignored: /home/rokey/toilet_ws/toilet_project/install/yjm_package01/share/ament_index/resource_index/packages/yjm_package01
[2.426s] DEBUG:colcon.colcon_core.task.python.build:While undoing a previous installation files outside the Python library path are being ignored: /home/rokey/toilet_ws/toilet_project/install/yjm_package01/share/yjm_package01/package.xml
[2.427s] DEBUG:colcon.colcon_core.task.python.build:While undoing a previous installation files outside the Python library path are being ignored: /home/rokey/toilet_ws/toilet_project/install/yjm_package01/lib/yjm_package01/test
[2.431s] DEBUG:colcon.colcon_core.event_handler.log_command:Invoking command in '/home/rokey/toilet_ws/toilet_project/build/yjm_package01': DEBUGINFOD_URLS=https://debuginfod.ubuntu.com PYTHONPATH=/home/rokey/toilet_ws/toilet_project/build/yjm_package01/prefix_override:/usr/lib/python3/dist-packages/colcon_core/task/python/colcon_distutils_commands:/home/rokey/toilet_ws/toilet_project/install/yjm_package01/lib/python3.12/site-packages:${PYTHONPATH} /usr/bin/python3 -W ignore:setup.py install is deprecated -W ignore:easy_install command is deprecated setup.py develop --editable --build-directory /home/rokey/toilet_ws/toilet_project/build/yjm_package01/build --no-deps symlink_data --force
[3.566s] Level 1:colcon.colcon_core.shell:create_environment_hook('yjm_package01', 'pythonpath_develop')
[3.567s] INFO:colcon.colcon_core.shell:Creating environment hook '/home/rokey/toilet_ws/toilet_project/build/yjm_package01/share/yjm_package01/hook/pythonpath_develop.ps1'
[3.567s] DEBUG:colcon.colcon_core.event_handler.log_command:Invoked command in '/home/rokey/toilet_ws/toilet_project/build/yjm_package01' returned '0': DEBUGINFOD_URLS=https://debuginfod.ubuntu.com PYTHONPATH=/home/rokey/toilet_ws/toilet_project/build/yjm_package01/prefix_override:/usr/lib/python3/dist-packages/colcon_core/task/python/colcon_distutils_commands:/home/rokey/toilet_ws/toilet_project/install/yjm_package01/lib/python3.12/site-packages:${PYTHONPATH} /usr/bin/python3 -W ignore:setup.py install is deprecated -W ignore:easy_install command is deprecated setup.py develop --editable --build-directory /home/rokey/toilet_ws/toilet_project/build/yjm_package01/build --no-deps symlink_data --force
[3.568s] INFO:colcon.colcon_core.shell:Creating environment descriptor '/home/rokey/toilet_ws/toilet_project/build/yjm_package01/share/yjm_package01/hook/pythonpath_develop.dsv'
[3.568s] INFO:colcon.colcon_core.shell:Creating environment hook '/home/rokey/toilet_ws/toilet_project/build/yjm_package01/share/yjm_package01/hook/pythonpath_develop.sh'
[3.572s] Level 1:colcon.colcon_core.environment:checking '/home/rokey/toilet_ws/toilet_project/install/yjm_package01' for CMake module files
[3.573s] Level 1:colcon.colcon_core.environment:checking '/home/rokey/toilet_ws/toilet_project/install/yjm_package01' for CMake config files
[3.574s] Level 1:colcon.colcon_core.environment:checking '/home/rokey/toilet_ws/toilet_project/install/yjm_package01/lib'
[3.574s] Level 1:colcon.colcon_core.environment:checking '/home/rokey/toilet_ws/toilet_project/install/yjm_package01/bin'
[3.574s] Level 1:colcon.colcon_core.environment:checking '/home/rokey/toilet_ws/toilet_project/install/yjm_package01/lib/pkgconfig/yjm_package01.pc'
[3.575s] Level 1:colcon.colcon_core.environment:checking '/home/rokey/toilet_ws/toilet_project/install/yjm_package01/lib/python3.12/site-packages'
[3.575s] Level 1:colcon.colcon_core.shell:create_environment_hook('yjm_package01', 'pythonpath')
[3.575s] INFO:colcon.colcon_core.shell:Creating environment hook '/home/rokey/toilet_ws/toilet_project/install/yjm_package01/share/yjm_package01/hook/pythonpath.ps1'
[3.576s] INFO:colcon.colcon_core.shell:Creating environment descriptor '/home/rokey/toilet_ws/toilet_project/install/yjm_package01/share/yjm_package01/hook/pythonpath.dsv'
[3.577s] INFO:colcon.colcon_core.shell:Creating environment hook '/home/rokey/toilet_ws/toilet_project/install/yjm_package01/share/yjm_package01/hook/pythonpath.sh'
[3.578s] Level 1:colcon.colcon_core.environment:checking '/home/rokey/toilet_ws/toilet_project/install/yjm_package01/bin'
[3.579s] Level 1:colcon.colcon_core.environment:create_environment_scripts_only(yjm_package01)
[3.579s] INFO:colcon.colcon_core.shell:Creating package script '/home/rokey/toilet_ws/toilet_project/install/yjm_package01/share/yjm_package01/package.ps1'
[3.581s] INFO:colcon.colcon_core.shell:Creating package descriptor '/home/rokey/toilet_ws/toilet_project/install/yjm_package01/share/yjm_package01/package.dsv'
[3.581s] INFO:colcon.colcon_core.shell:Creating package script '/home/rokey/toilet_ws/toilet_project/install/yjm_package01/share/yjm_package01/package.sh'
[3.583s] INFO:colcon.colcon_core.shell:Creating package script '/home/rokey/toilet_ws/toilet_project/install/yjm_package01/share/yjm_package01/package.bash'
[3.584s] INFO:colcon.colcon_core.shell:Creating package script '/home/rokey/toilet_ws/toilet_project/install/yjm_package01/share/yjm_package01/package.zsh'
[3.585s] Level 1:colcon.colcon_core.environment:create_file_with_runtime_dependencies(/home/rokey/toilet_ws/toilet_project/install/yjm_package01/share/colcon-core/packages/yjm_package01)
[3.585s] DEBUG:colcon.colcon_parallel_executor.executor.parallel:closing loop
[3.586s] DEBUG:colcon.colcon_parallel_executor.executor.parallel:loop closed
[3.586s] DEBUG:colcon.colcon_parallel_executor.executor.parallel:run_until_complete finished with '0'
[3.586s] DEBUG:colcon.colcon_core.event_reactor:joining thread
[3.596s] INFO:colcon.colcon_core.plugin_system:Skipping extension 'colcon_notification.desktop_notification.terminal_notifier': Not used on non-Darwin systems
[3.596s] INFO:colcon.colcon_core.plugin_system:Skipping extension 'colcon_notification.desktop_notification.win32': Not used on non-Windows systems
[3.596s] INFO:colcon.colcon_notification.desktop_notification:Sending desktop notification using 'notify2'
[3.619s] DEBUG:colcon.colcon_core.event_reactor:joined thread
[3.620s] INFO:colcon.colcon_core.shell:Creating prefix script '/home/rokey/toilet_ws/toilet_project/install/local_setup.ps1'
[3.621s] INFO:colcon.colcon_core.shell:Creating prefix util module '/home/rokey/toilet_ws/toilet_project/install/_local_setup_util_ps1.py'
[3.623s] INFO:colcon.colcon_core.shell:Creating prefix chain script '/home/rokey/toilet_ws/toilet_project/install/setup.ps1'
[3.627s] INFO:colcon.colcon_core.shell:Creating prefix script '/home/rokey/toilet_ws/toilet_project/install/local_setup.sh'
[3.629s] INFO:colcon.colcon_core.shell:Creating prefix util module '/home/rokey/toilet_ws/toilet_project/install/_local_setup_util_sh.py'
[3.630s] INFO:colcon.colcon_core.shell:Creating prefix chain script '/home/rokey/toilet_ws/toilet_project/install/setup.sh'
[3.634s] INFO:colcon.colcon_core.shell:Creating prefix script '/home/rokey/toilet_ws/toilet_project/install/local_setup.bash'
[3.636s] INFO:colcon.colcon_core.shell:Creating prefix chain script '/home/rokey/toilet_ws/toilet_project/install/setup.bash'
[3.639s] INFO:colcon.colcon_core.shell:Creating prefix script '/home/rokey/toilet_ws/toilet_project/install/local_setup.zsh'
[3.640s] INFO:colcon.colcon_core.shell:Creating prefix chain script '/home/rokey/toilet_ws/toilet_project/install/setup.zsh'
