[0.165s] DEBUG:colcon:Command line arguments: ['/usr/bin/colcon', 'build', '--symlink-install']
[0.165s] DEBUG:colcon:Parsed command line arguments: Namespace(log_base=None, log_level=None, verb_name='build', build_base='build', install_base='install', merge_install=False, symlink_install=True, test_result_base=None, continue_on_error=False, executor='parallel', parallel_workers=8, event_handlers=None, ignore_user_meta=False, metas=['./colcon.meta'], base_paths=['.'], packages_ignore=None, packages_ignore_regex=None, paths=None, packages_up_to=None, packages_up_to_regex=None, packages_above=None, packages_above_and_dependencies=None, packages_above_depth=None, packages_select_by_dep=None, packages_skip_by_dep=None, packages_skip_up_to=None, packages_select_build_failed=False, packages_skip_build_finished=False, packages_select_test_failures=False, packages_skip_test_passed=False, packages_select=None, packages_skip=None, packages_select_regex=None, packages_skip_regex=None, packages_start=None, packages_end=None, allow_overriding=[], cmake_args=None, cmake_target=None, cmake_target_skip_unavailable=False, cmake_clean_cache=False, cmake_clean_first=False, cmake_force_configure=False, ament_cmake_args=None, catkin_cmake_args=None, catkin_skip_building_tests=False, verb_parser=<colcon_defaults.argument_parser.defaults.DefaultArgumentsDecorator object at 0x7bbdc836b140>, verb_extension=<colcon_core.verb.build.BuildVerb object at 0x7bbdc845f530>, main=<bound method BuildVerb.main of <colcon_core.verb.build.BuildVerb object at 0x7bbdc845f530>>)
[0.224s] Level 1:colcon.colcon_core.package_discovery:discover_packages(colcon_meta) check parameters
[0.224s] Level 1:colcon.colcon_core.package_discovery:discover_packages(recursive) check parameters
[0.224s] Level 1:colcon.colcon_core.package_discovery:discover_packages(ignore) check parameters
[0.224s] Level 1:colcon.colcon_core.package_discovery:discover_packages(path) check parameters
[0.224s] Level 1:colcon.colcon_core.package_discovery:discover_packages(colcon_meta) discover
[0.224s] Level 1:colcon.colcon_core.package_discovery:discover_packages(recursive) discover
[0.224s] INFO:colcon.colcon_core.package_discovery:Crawling recursively for packages in '/home/rokey/toilet_ws/toilet_project'
[0.224s] Level 1:colcon.colcon_core.package_identification:_identify(.) by extensions ['ignore', 'ignore_ament_install']
[0.224s] Level 1:colcon.colcon_core.package_identification:_identify(.) by extension 'ignore'
[0.225s] Level 1:colcon.colcon_core.package_identification:_identify(.) by extension 'ignore_ament_install'
[0.225s] Level 1:colcon.colcon_core.package_identification:_identify(.) by extensions ['colcon_pkg']
[0.225s] Level 1:colcon.colcon_core.package_identification:_identify(.) by extension 'colcon_pkg'
[0.225s] Level 1:colcon.colcon_core.package_identification:_identify(.) by extensions ['colcon_meta']
[0.225s] Level 1:colcon.colcon_core.package_identification:_identify(.) by extension 'colcon_meta'
[0.225s] Level 1:colcon.colcon_core.package_identification:_identify(.) by extensions ['ros']
[0.225s] Level 1:colcon.colcon_core.package_identification:_identify(.) by extension 'ros'
[0.279s] Level 1:colcon.colcon_core.package_identification:_identify(.) by extensions ['cmake', 'python']
[0.279s] Level 1:colcon.colcon_core.package_identification:_identify(.) by extension 'cmake'
[0.280s] Level 1:colcon.colcon_core.package_identification:_identify(.) by extension 'python'
[0.280s] Level 1:colcon.colcon_core.package_identification:_identify(.) by extensions ['python_setup_py']
[0.280s] Level 1:colcon.colcon_core.package_identification:_identify(.) by extension 'python_setup_py'
[0.280s] Level 1:colcon.colcon_core.package_identification:_identify(build) by extensions ['ignore', 'ignore_ament_install']
[0.280s] Level 1:colcon.colcon_core.package_identification:_identify(build) by extension 'ignore'
[0.280s] Level 1:colcon.colcon_core.package_identification:_identify(build) ignored
[0.281s] Level 1:colcon.colcon_core.package_identification:_identify(install) by extensions ['ignore', 'ignore_ament_install']
[0.281s] Level 1:colcon.colcon_core.package_identification:_identify(install) by extension 'ignore'
[0.281s] Level 1:colcon.colcon_core.package_identification:_identify(install) ignored
[0.281s] Level 1:colcon.colcon_core.package_identification:_identify(log) by extensions ['ignore', 'ignore_ament_install']
[0.282s] Level 1:colcon.colcon_core.package_identification:_identify(log) by extension 'ignore'
[0.282s] Level 1:colcon.colcon_core.package_identification:_identify(log) ignored
[0.282s] Level 1:colcon.colcon_core.package_identification:_identify(src) by extensions ['ignore', 'ignore_ament_install']
[0.282s] Level 1:colcon.colcon_core.package_identification:_identify(src) by extension 'ignore'
[0.282s] Level 1:colcon.colcon_core.package_identification:_identify(src) by extension 'ignore_ament_install'
[0.282s] Level 1:colcon.colcon_core.package_identification:_identify(src) by extensions ['colcon_pkg']
[0.282s] Level 1:colcon.colcon_core.package_identification:_identify(src) by extension 'colcon_pkg'
[0.283s] Level 1:colcon.colcon_core.package_identification:_identify(src) by extensions ['colcon_meta']
[0.283s] Level 1:colcon.colcon_core.package_identification:_identify(src) by extension 'colcon_meta'
[0.283s] Level 1:colcon.colcon_core.package_identification:_identify(src) by extensions ['ros']
[0.283s] Level 1:colcon.colcon_core.package_identification:_identify(src) by extension 'ros'
[0.283s] Level 1:colcon.colcon_core.package_identification:_identify(src) by extensions ['cmake', 'python']
[0.283s] Level 1:colcon.colcon_core.package_identification:_identify(src) by extension 'cmake'
[0.283s] Level 1:colcon.colcon_core.package_identification:_identify(src) by extension 'python'
[0.283s] Level 1:colcon.colcon_core.package_identification:_identify(src) by extensions ['python_setup_py']
[0.284s] Level 1:colcon.colcon_core.package_identification:_identify(src) by extension 'python_setup_py'
[0.284s] Level 1:colcon.colcon_core.package_identification:_identify(src/yjm_package01) by extensions ['ignore', 'ignore_ament_install']
[0.284s] Level 1:colcon.colcon_core.package_identification:_identify(src/yjm_package01) by extension 'ignore'
[0.284s] Level 1:colcon.colcon_core.package_identification:_identify(src/yjm_package01) by extension 'ignore_ament_install'
[0.284s] Level 1:colcon.colcon_core.package_identification:_identify(src/yjm_package01) by extensions ['colcon_pkg']
[0.284s] Level 1:colcon.colcon_core.package_identification:_identify(src/yjm_package01) by extension 'colcon_pkg'
[0.284s] Level 1:colcon.colcon_core.package_identification:_identify(src/yjm_package01) by extensions ['colcon_meta']
[0.284s] Level 1:colcon.colcon_core.package_identification:_identify(src/yjm_package01) by extension 'colcon_meta'
[0.285s] Level 1:colcon.colcon_core.package_identification:_identify(src/yjm_package01) by extensions ['ros']
[0.285s] Level 1:colcon.colcon_core.package_identification:_identify(src/yjm_package01) by extension 'ros'
[0.290s] DEBUG:colcon.colcon_core.package_identification:Package 'src/yjm_package01' with type 'ros.ament_python' and name 'yjm_package01'
[0.290s] Level 1:colcon.colcon_core.package_discovery:discover_packages(recursive) using defaults
[0.290s] Level 1:colcon.colcon_core.package_discovery:discover_packages(ignore) discover
[0.290s] Level 1:colcon.colcon_core.package_discovery:discover_packages(ignore) using defaults
[0.290s] Level 1:colcon.colcon_core.package_discovery:discover_packages(path) discover
[0.290s] Level 1:colcon.colcon_core.package_discovery:discover_packages(path) using defaults
[0.339s] Level 1:colcon.colcon_core.package_discovery:discover_packages(prefix_path) check parameters
[0.340s] Level 1:colcon.colcon_core.package_discovery:discover_packages(prefix_path) discover
[0.346s] DEBUG:colcon.colcon_installed_package_information.package_discovery:Found 1 installed packages in /home/rokey/toilet_ws/toilet_project/install
[0.349s] DEBUG:colcon.colcon_installed_package_information.package_discovery:Found 35 installed packages in /home/rokey/ws_cobot_pjt/ws_dsr/install
[0.350s] DEBUG:colcon.colcon_installed_package_information.package_discovery:Found 1 installed packages in /home/rokey/ws_cobot_pjt/cobot1/install
[0.353s] DEBUG:colcon.colcon_installed_package_information.package_discovery:Found 386 installed packages in /opt/ros/jazzy
[0.355s] Level 1:colcon.colcon_core.package_discovery:discover_packages(prefix_path) using defaults
[0.453s] Level 5:colcon.colcon_core.verb:set package 'yjm_package01' build argument 'cmake_args' from command line to 'None'
[0.453s] Level 5:colcon.colcon_core.verb:set package 'yjm_package01' build argument 'cmake_target' from command line to 'None'
[0.453s] Level 5:colcon.colcon_core.verb:set package 'yjm_package01' build argument 'cmake_target_skip_unavailable' from command line to 'False'
[0.453s] Level 5:colcon.colcon_core.verb:set package 'yjm_package01' build argument 'cmake_clean_cache' from command line to 'False'
[0.453s] Level 5:colcon.colcon_core.verb:set package 'yjm_package01' build argument 'cmake_clean_first' from command line to 'False'
[0.453s] Level 5:colcon.colcon_core.verb:set package 'yjm_package01' build argument 'cmake_force_configure' from command line to 'False'
[0.453s] Level 5:colcon.colcon_core.verb:set package 'yjm_package01' build argument 'ament_cmake_args' from command line to 'None'
[0.453s] Level 5:colcon.colcon_core.verb:set package 'yjm_package01' build argument 'catkin_cmake_args' from command line to 'None'
[0.453s] Level 5:colcon.colcon_core.verb:set package 'yjm_package01' build argument 'catkin_skip_building_tests' from command line to 'False'
[0.453s] DEBUG:colcon.colcon_core.verb:Building package 'yjm_package01' with the following arguments: {'ament_cmake_args': None, 'build_base': '/home/rokey/toilet_ws/toilet_project/build/yjm_package01', 'catkin_cmake_args': None, 'catkin_skip_building_tests': False, 'cmake_args': None, 'cmake_clean_cache': False, 'cmake_clean_first': False, 'cmake_force_configure': False, 'cmake_target': None, 'cmake_target_skip_unavailable': False, 'install_base': '/home/rokey/toilet_ws/toilet_project/install/yjm_package01', 'merge_install': False, 'path': '/home/rokey/toilet_ws/toilet_project/src/yjm_package01', 'symlink_install': True, 'test_result_base': None}
[0.454s] INFO:colcon.colcon_core.executor:Executing jobs using 'parallel' executor
[0.455s] DEBUG:colcon.colcon_parallel_executor.executor.parallel:run_until_complete
[0.455s] INFO:colcon.colcon_ros.task.ament_python.build:Building ROS package in '/home/rokey/toilet_ws/toilet_project/src/yjm_package01' with build type 'ament_python'
[0.456s] Level 1:colcon.colcon_core.shell:create_environment_hook('yjm_package01', 'ament_prefix_path')
[0.460s] INFO:colcon.colcon_core.plugin_system:Skipping extension 'colcon_core.shell.bat': Not used on non-Windows systems
[0.461s] INFO:colcon.colcon_core.shell:Creating environment hook '/home/rokey/toilet_ws/toilet_project/install/yjm_package01/share/yjm_package01/hook/ament_prefix_path.ps1'
[0.463s] INFO:colcon.colcon_core.shell:Creating environment descriptor '/home/rokey/toilet_ws/toilet_project/install/yjm_package01/share/yjm_package01/hook/ament_prefix_path.dsv'
[0.464s] INFO:colcon.colcon_core.shell:Creating environment hook '/home/rokey/toilet_ws/toilet_project/install/yjm_package01/share/yjm_package01/hook/ament_prefix_path.sh'
[0.466s] INFO:colcon.colcon_core.shell:Skip shell extension 'powershell' for command environment: Not usable outside of PowerShell
[0.466s] DEBUG:colcon.colcon_core.shell:Skip shell extension 'dsv' for command environment
[0.868s] INFO:colcon.colcon_core.task.python.build:Building Python package in '/home/rokey/toilet_ws/toilet_project/src/yjm_package01'
[0.869s] INFO:colcon.colcon_core.shell:Skip shell extension 'powershell' for command environment: Not usable outside of PowerShell
[0.869s] DEBUG:colcon.colcon_core.shell:Skip shell extension 'dsv' for command environment
[1.887s] DEBUG:colcon.colcon_core.task.python.build:Available setuptools commands: editable_wheel, build_ext, install_headers, bdist_dumb, install_data, build, egg_info, saveopts, bdist_egg, alias, setopt, build_scripts, develop, compile_catalog, extract_messages, upload, build_clib, install, test, install_egg_info, rotate, install_scripts, register, easy_install, upload_docs, symlink_data, init_catalog, bdist, dist_info, update_catalog, build_py, clean, check, install_lib, bdist_rpm, sdist
[2.563s] DEBUG:colcon.colcon_core.task.python.build:Available setuptools 'develop' options: --verbose, --exclude-scripts, --editable, --help, --user, --no-user-cfg, --local-snapshots-ok, --always-unzip, --no-find-links, --record, --site-dirs, --always-copy, --egg-path, --multi-version, --install-layout, --no-deps, --zip-ok, --dry-run, --index-url, --allow-hosts, --script-dir, --find-links, --build-directory, --optimize, --version, --force-installation-into-system-dir, --quiet, --prefix, --uninstall, --install-dir, --upgrade
[2.567s] DEBUG:colcon.colcon_core.event_handler.log_command:Invoking command in '/home/rokey/toilet_ws/toilet_project/build/yjm_package01': DEBUGINFOD_URLS=https://debuginfod.ubuntu.com PYTHONPATH=/home/rokey/toilet_ws/toilet_project/build/yjm_package01/prefix_override:/usr/lib/python3/dist-packages/colcon_core/task/python/colcon_distutils_commands:/home/rokey/toilet_ws/toilet_project/install/yjm_package01/lib/python3.12/site-packages:${PYTHONPATH} /usr/bin/python3 -W ignore:setup.py install is deprecated -W ignore:easy_install command is deprecated setup.py develop --editable --build-directory /home/rokey/toilet_ws/toilet_project/build/yjm_package01/build --no-deps symlink_data
[3.762s] Level 1:colcon.colcon_core.shell:create_environment_hook('yjm_package01', 'pythonpath_develop')
[3.763s] INFO:colcon.colcon_core.shell:Creating environment hook '/home/rokey/toilet_ws/toilet_project/build/yjm_package01/share/yjm_package01/hook/pythonpath_develop.ps1'
[3.764s] DEBUG:colcon.colcon_core.event_handler.log_command:Invoked command in '/home/rokey/toilet_ws/toilet_project/build/yjm_package01' returned '0': DEBUGINFOD_URLS=https://debuginfod.ubuntu.com PYTHONPATH=/home/rokey/toilet_ws/toilet_project/build/yjm_package01/prefix_override:/usr/lib/python3/dist-packages/colcon_core/task/python/colcon_distutils_commands:/home/rokey/toilet_ws/toilet_project/install/yjm_package01/lib/python3.12/site-packages:${PYTHONPATH} /usr/bin/python3 -W ignore:setup.py install is deprecated -W ignore:easy_install command is deprecated setup.py develop --editable --build-directory /home/rokey/toilet_ws/toilet_project/build/yjm_package01/build --no-deps symlink_data
[3.764s] INFO:colcon.colcon_core.shell:Creating environment descriptor '/home/rokey/toilet_ws/toilet_project/build/yjm_package01/share/yjm_package01/hook/pythonpath_develop.dsv'
[3.765s] INFO:colcon.colcon_core.shell:Creating environment hook '/home/rokey/toilet_ws/toilet_project/build/yjm_package01/share/yjm_package01/hook/pythonpath_develop.sh'
[3.769s] Level 1:colcon.colcon_core.environment:checking '/home/rokey/toilet_ws/toilet_project/install/yjm_package01' for CMake module files
[3.770s] Level 1:colcon.colcon_core.environment:checking '/home/rokey/toilet_ws/toilet_project/install/yjm_package01' for CMake config files
[3.772s] Level 1:colcon.colcon_core.environment:checking '/home/rokey/toilet_ws/toilet_project/install/yjm_package01/lib'
[3.772s] Level 1:colcon.colcon_core.environment:checking '/home/rokey/toilet_ws/toilet_project/install/yjm_package01/bin'
[3.772s] Level 1:colcon.colcon_core.environment:checking '/home/rokey/toilet_ws/toilet_project/install/yjm_package01/lib/pkgconfig/yjm_package01.pc'
[3.773s] Level 1:colcon.colcon_core.environment:checking '/home/rokey/toilet_ws/toilet_project/install/yjm_package01/lib/python3.12/site-packages'
[3.773s] Level 1:colcon.colcon_core.shell:create_environment_hook('yjm_package01', 'pythonpath')
[3.774s] INFO:colcon.colcon_core.shell:Creating environment hook '/home/rokey/toilet_ws/toilet_project/install/yjm_package01/share/yjm_package01/hook/pythonpath.ps1'
[3.774s] INFO:colcon.colcon_core.shell:Creating environment descriptor '/home/rokey/toilet_ws/toilet_project/install/yjm_package01/share/yjm_package01/hook/pythonpath.dsv'
[3.775s] INFO:colcon.colcon_core.shell:Creating environment hook '/home/rokey/toilet_ws/toilet_project/install/yjm_package01/share/yjm_package01/hook/pythonpath.sh'
[3.777s] Level 1:colcon.colcon_core.environment:checking '/home/rokey/toilet_ws/toilet_project/install/yjm_package01/bin'
[3.777s] Level 1:colcon.colcon_core.environment:create_environment_scripts_only(yjm_package01)
[3.778s] INFO:colcon.colcon_core.shell:Creating package script '/home/rokey/toilet_ws/toilet_project/install/yjm_package01/share/yjm_package01/package.ps1'
[3.780s] INFO:colcon.colcon_core.shell:Creating package descriptor '/home/rokey/toilet_ws/toilet_project/install/yjm_package01/share/yjm_package01/package.dsv'
[3.780s] INFO:colcon.colcon_core.shell:Creating package script '/home/rokey/toilet_ws/toilet_project/install/yjm_package01/share/yjm_package01/package.sh'
[3.782s] INFO:colcon.colcon_core.shell:Creating package script '/home/rokey/toilet_ws/toilet_project/install/yjm_package01/share/yjm_package01/package.bash'
[3.783s] INFO:colcon.colcon_core.shell:Creating package script '/home/rokey/toilet_ws/toilet_project/install/yjm_package01/share/yjm_package01/package.zsh'
[3.784s] Level 1:colcon.colcon_core.environment:create_file_with_runtime_dependencies(/home/rokey/toilet_ws/toilet_project/install/yjm_package01/share/colcon-core/packages/yjm_package01)
[3.784s] DEBUG:colcon.colcon_parallel_executor.executor.parallel:closing loop
[3.785s] DEBUG:colcon.colcon_parallel_executor.executor.parallel:loop closed
[3.785s] DEBUG:colcon.colcon_parallel_executor.executor.parallel:run_until_complete finished with '0'
[3.785s] DEBUG:colcon.colcon_core.event_reactor:joining thread
[3.794s] INFO:colcon.colcon_core.plugin_system:Skipping extension 'colcon_notification.desktop_notification.terminal_notifier': Not used on non-Darwin systems
[3.795s] INFO:colcon.colcon_core.plugin_system:Skipping extension 'colcon_notification.desktop_notification.win32': Not used on non-Windows systems
[3.795s] INFO:colcon.colcon_notification.desktop_notification:Sending desktop notification using 'notify2'
[3.819s] DEBUG:colcon.colcon_core.event_reactor:joined thread
[3.819s] INFO:colcon.colcon_core.shell:Creating prefix script '/home/rokey/toilet_ws/toilet_project/install/local_setup.ps1'
[3.821s] INFO:colcon.colcon_core.shell:Creating prefix util module '/home/rokey/toilet_ws/toilet_project/install/_local_setup_util_ps1.py'
[3.824s] INFO:colcon.colcon_core.shell:Creating prefix chain script '/home/rokey/toilet_ws/toilet_project/install/setup.ps1'
[3.829s] INFO:colcon.colcon_core.shell:Creating prefix script '/home/rokey/toilet_ws/toilet_project/install/local_setup.sh'
[3.830s] INFO:colcon.colcon_core.shell:Creating prefix util module '/home/rokey/toilet_ws/toilet_project/install/_local_setup_util_sh.py'
[3.832s] INFO:colcon.colcon_core.shell:Creating prefix chain script '/home/rokey/toilet_ws/toilet_project/install/setup.sh'
[3.837s] INFO:colcon.colcon_core.shell:Creating prefix script '/home/rokey/toilet_ws/toilet_project/install/local_setup.bash'
[3.838s] INFO:colcon.colcon_core.shell:Creating prefix chain script '/home/rokey/toilet_ws/toilet_project/install/setup.bash'
[3.842s] INFO:colcon.colcon_core.shell:Creating prefix script '/home/rokey/toilet_ws/toilet_project/install/local_setup.zsh'
[3.843s] INFO:colcon.colcon_core.shell:Creating prefix chain script '/home/rokey/toilet_ws/toilet_project/install/setup.zsh'
