[0.930s] Invoking command in '/home/rokey/toilet_ws/toilet_project/src/yjm_package01': DEBUGINFOD_URLS=https://debuginfod.ubuntu.com PYTHONPATH=/home/rokey/toilet_ws/toilet_project/build/yjm_package01/prefix_override:/usr/lib/python3/dist-packages/colcon_core/task/python/colcon_distutils_commands:/home/rokey/toilet_ws/toilet_project/install/yjm_package01/lib/python3.12/site-packages:${PYTHONPATH} /usr/bin/python3 -W ignore:setup.py install is deprecated -W ignore:easy_install command is deprecated setup.py egg_info --egg-base ../../build/yjm_package01 build --build-base /home/rokey/toilet_ws/toilet_project/build/yjm_package01/build install --record /home/rokey/toilet_ws/toilet_project/build/yjm_package01/install.log --install-scripts $base/lib/yjm_package01 --single-version-externally-managed install_data
[1.338s] running egg_info
[1.360s] writing ../../build/yjm_package01/yjm_package01.egg-info/PKG-INFO
[1.360s] writing dependency_links to ../../build/yjm_package01/yjm_package01.egg-info/dependency_links.txt
[1.361s] writing entry points to ../../build/yjm_package01/yjm_package01.egg-info/entry_points.txt
[1.361s] writing requirements to ../../build/yjm_package01/yjm_package01.egg-info/requires.txt
[1.361s] writing top-level names to ../../build/yjm_package01/yjm_package01.egg-info/top_level.txt
[1.407s] reading manifest file '../../build/yjm_package01/yjm_package01.egg-info/SOURCES.txt'
[1.408s] writing manifest file '../../build/yjm_package01/yjm_package01.egg-info/SOURCES.txt'
[1.408s] running build
[1.408s] running build_py
[1.409s] copying yjm_package01/test.py -> /home/rokey/toilet_ws/toilet_project/build/yjm_package01/build/lib/yjm_package01
[1.409s] running install
[1.415s] running install_lib
[1.440s] copying /home/rokey/toilet_ws/toilet_project/build/yjm_package01/build/lib/yjm_package01/test.py -> /home/rokey/toilet_ws/toilet_project/install/yjm_package01/lib/python3.12/site-packages/yjm_package01
[1.440s] byte-compiling /home/rokey/toilet_ws/toilet_project/install/yjm_package01/lib/python3.12/site-packages/yjm_package01/test.py to test.cpython-312.pyc
[1.441s] running install_data
[1.441s] running install_egg_info
[1.465s] removing '/home/rokey/toilet_ws/toilet_project/install/yjm_package01/lib/python3.12/site-packages/yjm_package01-0.0.0-py3.12.egg-info' (and everything under it)
[1.465s] Copying ../../build/yjm_package01/yjm_package01.egg-info to /home/rokey/toilet_ws/toilet_project/install/yjm_package01/lib/python3.12/site-packages/yjm_package01-0.0.0-py3.12.egg-info
[1.466s] running install_scripts
[1.610s] Installing test script to /home/rokey/toilet_ws/toilet_project/install/yjm_package01/lib/yjm_package01
[1.610s] writing list of installed files to '/home/rokey/toilet_ws/toilet_project/build/yjm_package01/install.log'
[1.647s] Invoked command in '/home/rokey/toilet_ws/toilet_project/src/yjm_package01' returned '0': DEBUGINFOD_URLS=https://debuginfod.ubuntu.com PYTHONPATH=/home/rokey/toilet_ws/toilet_project/build/yjm_package01/prefix_override:/usr/lib/python3/dist-packages/colcon_core/task/python/colcon_distutils_commands:/home/rokey/toilet_ws/toilet_project/install/yjm_package01/lib/python3.12/site-packages:${PYTHONPATH} /usr/bin/python3 -W ignore:setup.py install is deprecated -W ignore:easy_install command is deprecated setup.py egg_info --egg-base ../../build/yjm_package01 build --build-base /home/rokey/toilet_ws/toilet_project/build/yjm_package01/build install --record /home/rokey/toilet_ws/toilet_project/build/yjm_package01/install.log --install-scripts $base/lib/yjm_package01 --single-version-externally-managed install_data
